Archive member included to satisfy reference by file (symbol)

d:/applications/stm32cubeide_1.10.1/stm32cubeide/plugins/com.st.stm32cube.ide.mcu.externaltools.gnu-tools-for-stm32.10.3-2021.10.win32_1.0.0.202111181127/tools/bin/../lib/gcc/arm-none-eabi/10.3.1/../../../../arm-none-eabi/lib/thumb/v7-m/nofp\libc_nano.a(lib_a-exit.o)
                              d:/applications/stm32cubeide_1.10.1/stm32cubeide/plugins/com.st.stm32cube.ide.mcu.externaltools.gnu-tools-for-stm32.10.3-2021.10.win32_1.0.0.202111181127/tools/bin/../lib/gcc/arm-none-eabi/10.3.1/../../../../arm-none-eabi/lib/thumb/v7-m/nofp/crt0.o (exit)
d:/applications/stm32cubeide_1.10.1/stm32cubeide/plugins/com.st.stm32cube.ide.mcu.externaltools.gnu-tools-for-stm32.10.3-2021.10.win32_1.0.0.202111181127/tools/bin/../lib/gcc/arm-none-eabi/10.3.1/../../../../arm-none-eabi/lib/thumb/v7-m/nofp\libc_nano.a(lib_a-impure.o)
                              d:/applications/stm32cubeide_1.10.1/stm32cubeide/plugins/com.st.stm32cube.ide.mcu.externaltools.gnu-tools-for-stm32.10.3-2021.10.win32_1.0.0.202111181127/tools/bin/../lib/gcc/arm-none-eabi/10.3.1/../../../../arm-none-eabi/lib/thumb/v7-m/nofp\libc_nano.a(lib_a-exit.o) (_global_impure_ptr)
d:/applications/stm32cubeide_1.10.1/stm32cubeide/plugins/com.st.stm32cube.ide.mcu.externaltools.gnu-tools-for-stm32.10.3-2021.10.win32_1.0.0.202111181127/tools/bin/../lib/gcc/arm-none-eabi/10.3.1/../../../../arm-none-eabi/lib/thumb/v7-m/nofp\libc_nano.a(lib_a-init.o)
                              d:/applications/stm32cubeide_1.10.1/stm32cubeide/plugins/com.st.stm32cube.ide.mcu.externaltools.gnu-tools-for-stm32.10.3-2021.10.win32_1.0.0.202111181127/tools/bin/../lib/gcc/arm-none-eabi/10.3.1/../../../../arm-none-eabi/lib/thumb/v7-m/nofp/crt0.o (__libc_init_array)
d:/applications/stm32cubeide_1.10.1/stm32cubeide/plugins/com.st.stm32cube.ide.mcu.externaltools.gnu-tools-for-stm32.10.3-2021.10.win32_1.0.0.202111181127/tools/bin/../lib/gcc/arm-none-eabi/10.3.1/../../../../arm-none-eabi/lib/thumb/v7-m/nofp\libc_nano.a(lib_a-memset.o)
                              d:/applications/stm32cubeide_1.10.1/stm32cubeide/plugins/com.st.stm32cube.ide.mcu.externaltools.gnu-tools-for-stm32.10.3-2021.10.win32_1.0.0.202111181127/tools/bin/../lib/gcc/arm-none-eabi/10.3.1/../../../../arm-none-eabi/lib/thumb/v7-m/nofp/crt0.o (memset)
d:/applications/stm32cubeide_1.10.1/stm32cubeide/plugins/com.st.stm32cube.ide.mcu.externaltools.gnu-tools-for-stm32.10.3-2021.10.win32_1.0.0.202111181127/tools/bin/../lib/gcc/arm-none-eabi/10.3.1/../../../../arm-none-eabi/lib/thumb/v7-m/nofp\libc_nano.a(lib_a-strlen.o)
                              ./Src/FLASH_PAGE_F1.o (strlen)
d:/applications/stm32cubeide_1.10.1/stm32cubeide/plugins/com.st.stm32cube.ide.mcu.externaltools.gnu-tools-for-stm32.10.3-2021.10.win32_1.0.0.202111181127/tools/bin/../lib/gcc/arm-none-eabi/10.3.1/thumb/v7-m/nofp\libgcc.a(_arm_muldf3.o)
                              ./Src/steering.o (__aeabi_dmul)
d:/applications/stm32cubeide_1.10.1/stm32cubeide/plugins/com.st.stm32cube.ide.mcu.externaltools.gnu-tools-for-stm32.10.3-2021.10.win32_1.0.0.202111181127/tools/bin/../lib/gcc/arm-none-eabi/10.3.1/thumb/v7-m/nofp\libgcc.a(_arm_mulsf3.o)
                              ./Src/calibrate.o (__aeabi_fmul)
d:/applications/stm32cubeide_1.10.1/stm32cubeide/plugins/com.st.stm32cube.ide.mcu.externaltools.gnu-tools-for-stm32.10.3-2021.10.win32_1.0.0.202111181127/tools/bin/../lib/gcc/arm-none-eabi/10.3.1/thumb/v7-m/nofp\libgcc.a(_arm_addsubdf3.o)
                              ./Src/steering.o (__aeabi_dadd)
d:/applications/stm32cubeide_1.10.1/stm32cubeide/plugins/com.st.stm32cube.ide.mcu.externaltools.gnu-tools-for-stm32.10.3-2021.10.win32_1.0.0.202111181127/tools/bin/../lib/gcc/arm-none-eabi/10.3.1/thumb/v7-m/nofp\libgcc.a(_arm_muldivdf3.o)
                              ./Src/steering.o (__aeabi_ddiv)
d:/applications/stm32cubeide_1.10.1/stm32cubeide/plugins/com.st.stm32cube.ide.mcu.externaltools.gnu-tools-for-stm32.10.3-2021.10.win32_1.0.0.202111181127/tools/bin/../lib/gcc/arm-none-eabi/10.3.1/thumb/v7-m/nofp\libgcc.a(_arm_fixdfsi.o)
                              ./Src/steering.o (__aeabi_d2iz)
d:/applications/stm32cubeide_1.10.1/stm32cubeide/plugins/com.st.stm32cube.ide.mcu.externaltools.gnu-tools-for-stm32.10.3-2021.10.win32_1.0.0.202111181127/tools/bin/../lib/gcc/arm-none-eabi/10.3.1/thumb/v7-m/nofp\libgcc.a(_arm_addsubsf3.o)
                              ./Src/calibrate.o (__aeabi_fsub)
d:/applications/stm32cubeide_1.10.1/stm32cubeide/plugins/com.st.stm32cube.ide.mcu.externaltools.gnu-tools-for-stm32.10.3-2021.10.win32_1.0.0.202111181127/tools/bin/../lib/gcc/arm-none-eabi/10.3.1/thumb/v7-m/nofp\libgcc.a(_arm_muldivsf3.o)
                              ./Src/calibrate.o (__aeabi_fdiv)
[...]
Memory Configuration

Name             Origin             Length             Attributes
RAM              0x0000000020000000 0x0000000000005000 xrw
FLASH            0x0000000008000000 0x0000000000020000 xr
*default*        0x0000000000000000 0xffffffffffffffff

Linker script and memory map

LOAD d:/applications/stm32cubeide_1.10.1/stm32cubeide/plugins/com.st.stm32cube.ide.mcu.externaltools.gnu-tools-for-stm32.10.3-2021.10.win32_1.0.0.202111181127/tools/bin/../lib/gcc/arm-none-eabi/10.3.1/thumb/v7-m/nofp/crti.o
LOAD d:/applications/stm32cubeide_1.10.1/stm32cubeide/plugins/com.st.stm32cube.ide.mcu.externaltools.gnu-tools-for-stm32.10.3-2021.10.win32_1.0.0.202111181127/tools/bin/../lib/gcc/arm-none-eabi/10.3.1/thumb/v7-m/nofp/crtbegin.o
LOAD d:/applications/stm32cubeide_1.10.1/stm32cubeide/plugins/com.st.stm32cube.ide.mcu.externaltools.gnu-tools-for-stm32.10.3-2021.10.win32_1.0.0.202111181127/tools/bin/../lib/gcc/arm-none-eabi/10.3.1/../../../../arm-none-eabi/lib/thumb/v7-m/nofp/crt0.o
LOAD ./Drivers/STM32F1xx_HAL_Driver/Src/stm32f1xx_hal.o
LOAD ./Drivers/STM32F1xx_HAL_Driver/Src/stm32f1xx_hal_adc.o
LOAD ./Drivers/STM32F1xx_HAL_Driver/Src/stm32f1xx_hal_adc_ex.o
LOAD ./Drivers/STM32F1xx_HAL_Driver/Src/stm32f1xx_hal_can.o
LOAD ./Drivers/STM32F1xx_HAL_Driver/Src/stm32f1xx_hal_cortex.o
LOAD ./Drivers/STM32F1xx_HAL_Driver/Src/stm32f1xx_hal_dma.o
LOAD ./Drivers/STM32F1xx_HAL_Driver/Src/stm32f1xx_hal_flash.o
LOAD ./Drivers/STM32F1xx_HAL_Driver/Src/stm32f1xx_hal_flash_ex.o
LOAD ./Drivers/STM32F1xx_HAL_Driver/Src/stm32f1xx_hal_gpio.o
LOAD ./Drivers/STM32F1xx_HAL_Driver/Src/stm32f1xx_hal_gpio_ex.o
LOAD ./Drivers/STM32F1xx_HAL_Driver/Src/stm32f1xx_hal_pwr.o
LOAD ./Drivers/STM32F1xx_HAL_Driver/Src/stm32f1xx_hal_rcc.o
LOAD ./Drivers/STM32F1xx_HAL_Driver/Src/stm32f1xx_hal_rcc_ex.o
LOAD ./Drivers/STM32F1xx_HAL_Driver/Src/stm32f1xx_hal_tim.o
LOAD ./Drivers/STM32F1xx_HAL_Driver/Src/stm32f1xx_hal_tim_ex.o
LOAD ./Drivers/STM32F1xx_HAL_Driver/Src/stm32f1xx_hal_uart.o
LOAD ./Drivers/STM32F1xx_HAL_Driver/Src/stm32f1xx_hal_usart.o
LOAD ./Src/FLASH_PAGE_F1.o
LOAD ./Src/adc.o
LOAD ./Src/calibrate.o
LOAD ./Src/can.o
LOAD ./Src/control.o
LOAD ./Src/dma.o
LOAD ./Src/gpio.o
LOAD ./Src/hook.o
LOAD ./Src/main.o
LOAD ./Src/power.o
LOAD ./Src/steering.o
LOAD ./Src/stm32f1xx_hal_msp.o
LOAD ./Src/stm32f1xx_it.o
LOAD ./Src/system_stm32f1xx.o
LOAD ./Src/tim.o
LOAD ./Src/timer.o
LOAD ./Src/usart.o
LOAD ./Src/wheels.o
LOAD ./Startup/startup_stm32f103rbtx.o
START GROUP
LOAD d:/applications/stm32cubeide_1.10.1/stm32cubeide/plugins/com.st.stm32cube.ide.mcu.externaltools.gnu-tools-for-stm32.10.3-2021.10.win32_1.0.0.202111181127/tools/bin/../lib/gcc/arm-none-eabi/10.3.1/../../../../arm-none-eabi/lib/thumb/v7-m/nofp\libc_nano.a
LOAD d:/applications/stm32cubeide_1.10.1/stm32cubeide/plugins/com.st.stm32cube.ide.mcu.externaltools.gnu-tools-for-stm32.10.3-2021.10.win32_1.0.0.202111181127/tools/bin/../lib/gcc/arm-none-eabi/10.3.1/../../../../arm-none-eabi/lib/thumb/v7-m/nofp\libm.a
END GROUP
START GROUP
LOAD d:/applications/stm32cubeide_1.10.1/stm32cubeide/plugins/com.st.stm32cube.ide.mcu.externaltools.gnu-tools-for-stm32.10.3-2021.10.win32_1.0.0.202111181127/tools/bin/../lib/gcc/arm-none-eabi/10.3.1/thumb/v7-m/nofp\libgcc.a
LOAD d:/applications/stm32cubeide_1.10.1/stm32cubeide/plugins/com.st.stm32cube.ide.mcu.externaltools.gnu-tools-for-stm32.10.3-2021.10.win32_1.0.0.202111181127/tools/bin/../lib/gcc/arm-none-eabi/10.3.1/../../../../arm-none-eabi/lib/thumb/v7-m/nofp\libc_nano.a
END GROUP
START GROUP
LOAD d:/applications/stm32cubeide_1.10.1/stm32cubeide/plugins/com.st.stm32cube.ide.mcu.externaltools.gnu-tools-for-stm32.10.3-2021.10.win32_1.0.0.202111181127/tools/bin/../lib/gcc/arm-none-eabi/10.3.1/thumb/v7-m/nofp\libgcc.a
LOAD d:/applications/stm32cubeide_1.10.1/stm32cubeide/plugins/com.st.stm32cube.ide.mcu.externaltools.gnu-tools-for-stm32.10.3-2021.10.win32_1.0.0.202111181127/tools/bin/../lib/gcc/arm-none-eabi/10.3.1/../../../../arm-none-eabi/lib/thumb/v7-m/nofp\libc_nano.a
LOAD d:/applications/stm32cubeide_1.10.1/stm32cubeide/plugins/com.st.stm32cube.ide.mcu.externaltools.gnu-tools-for-stm32.10.3-2021.10.win32_1.0.0.202111181127/tools/bin/../lib/gcc/arm-none-eabi/10.3.1/../../../../arm-none-eabi/lib/thumb/v7-m/nofp\libnosys.a
END GROUP
START GROUP
LOAD d:/applications/stm32cubeide_1.10.1/stm32cubeide/plugins/com.st.stm32cube.ide.mcu.externaltools.gnu-tools-for-stm32.10.3-2021.10.win32_1.0.0.202111181127/tools/bin/../lib/gcc/arm-none-eabi/10.3.1/thumb/v7-m/nofp\libgcc.a
LOAD d:/applications/stm32cubeide_1.10.1/stm32cubeide/plugins/com.st.stm32cube.ide.mcu.externaltools.gnu-tools-for-stm32.10.3-2021.10.win32_1.0.0.202111181127/tools/bin/../lib/gcc/arm-none-eabi/10.3.1/../../../../arm-none-eabi/lib/thumb/v7-m/nofp\libc_nano.a
LOAD d:/applications/stm32cubeide_1.10.1/stm32cubeide/plugins/com.st.stm32cube.ide.mcu.externaltools.gnu-tools-for-stm32.10.3-2021.10.win32_1.0.0.202111181127/tools/bin/../lib/gcc/arm-none-eabi/10.3.1/../../../../arm-none-eabi/lib/thumb/v7-m/nofp\libnosys.a
END GROUP
LOAD d:/applications/stm32cubeide_1.10.1/stm32cubeide/plugins/com.st.stm32cube.ide.mcu.externaltools.gnu-tools-for-stm32.10.3-2021.10.win32_1.0.0.202111181127/tools/bin/../lib/gcc/arm-none-eabi/10.3.1/thumb/v7-m/nofp/crtend.o
LOAD d:/applications/stm32cubeide_1.10.1/stm32cubeide/plugins/com.st.stm32cube.ide.mcu.externaltools.gnu-tools-for-stm32.10.3-2021.10.win32_1.0.0.202111181127/tools/bin/../lib/gcc/arm-none-eabi/10.3.1/thumb/v7-m/nofp/crtn.o
                0x0000000020005000                _estack = (ORIGIN (RAM) + LENGTH (RAM))
                0x0000000000000200                _Min_Heap_Size = 0x200
                0x0000000000000400                _Min_Stack_Size = 0x400

.isr_vector     0x0000000008000000      0x130
                0x0000000008000000                . = ALIGN (0x4)
 *(.isr_vector)
 .isr_vector    0x0000000008000000      0x130 ./Startup/startup_stm32f103rbtx.o
                0x0000000008000000                g_pfnVectors
                0x0000000008000130                . = ALIGN (0x4)

.text           0x0000000008000130     0x7480
                0x0000000008000130                . = ALIGN (0x4)
 *(.text)
 .text          0x0000000008000130       0x40 d:/applications/stm32cubeide_1.10.1/stm32cubeide/plugins/com.st.stm32cube.ide.mcu.externaltools.gnu-tools-for-stm32.10.3-2021.10.win32_1.0.0.202111181127/tools/bin/../lib/gcc/arm-none-eabi/10.3.1/thumb/v7-m/nofp/crtbegin.o
 .text          0x0000000008000170      0x378 d:/applications/stm32cubeide_1.10.1/stm32cubeide/plugins/com.st.stm32cube.ide.mcu.externaltools.gnu-tools-for-stm32.10.3-2021.10.win32_1.0.0.202111181127/tools/bin/../lib/gcc/arm-none-eabi/10.3.1/thumb/v7-m/nofp\libgcc.a(_arm_addsubdf3.o)
                0x0000000008000170                __aeabi_drsub
                0x0000000008000178                __aeabi_dsub
                0x0000000008000178                __subdf3
                0x000000000800017c                __aeabi_dadd
                0x000000000800017c                __adddf3
                0x00000000080003f4                __floatunsidf
                0x00000000080003f4                __aeabi_ui2d
                0x0000000008000414                __floatsidf
                0x0000000008000414                __aeabi_i2d
                0x0000000008000438                __aeabi_f2d
                0x0000000008000438                __extendsfdf2
                0x000000000800047c                __floatundidf
                0x000000000800047c                __aeabi_ul2d
                0x000000000800048c                __floatdidf
                0x000000000800048c                __aeabi_l2d
 .text          0x00000000080004e8      0x424 d:/applications/stm32cubeide_1.10.1/stm32cubeide/plugins/com.st.stm32cube.ide.mcu.externaltools.gnu-tools-for-stm32.10.3-2021.10.win32_1.0.0.202111181127/tools/bin/../lib/gcc/arm-none-eabi/10.3.1/thumb/v7-m/nofp\libgcc.a(_arm_muldivdf3.o)
                0x00000000080004e8                __aeabi_dmul
                0x00000000080004e8                __muldf3
                0x000000000800073c                __divdf3
                0x000000000800073c                __aeabi_ddiv
 .text          0x000000000800090c       0x50 d:/applications/stm32cubeide_1.10.1/stm32cubeide/plugins/com.st.stm32cube.ide.mcu.externaltools.gnu-tools-for-stm32.10.3-2021.10.win32_1.0.0.202111181127/tools/bin/../lib/gcc/arm-none-eabi/10.3.1/thumb/v7-m/nofp\libgcc.a(_arm_fixdfsi.o)
                0x000000000800090c                __aeabi_d2iz
                0x000000000800090c                __fixdfsi
 .text          0x000000000800095c      0x21c d:/applications/stm32cubeide_1.10.1/stm32cubeide/plugins/com.st.stm32cube.ide.mcu.externaltools.gnu-tools-for-stm32.10.3-2021.10.win32_1.0.0.202111181127/tools/bin/../lib/gcc/arm-none-eabi/10.3.1/thumb/v7-m/nofp\libgcc.a(_arm_addsubsf3.o)
                0x000000000800095c                __aeabi_frsub
                0x0000000008000964                __subsf3
                0x0000000008000964                __aeabi_fsub
                0x0000000008000968                __aeabi_fadd
                0x0000000008000968                __addsf3
                0x0000000008000ac8                __aeabi_ui2f
                0x0000000008000ac8                __floatunsisf
                0x0000000008000ad0                __aeabi_i2f
                0x0000000008000ad0                __floatsisf
                0x0000000008000aec                __aeabi_ul2f
                0x0000000008000aec                __floatundisf
                0x0000000008000afc                __aeabi_l2f
                0x0000000008000afc                __floatdisf
 .text          0x0000000008000b78      0x2a0 d:/applications/stm32cubeide_1.10.1/stm32cubeide/plugins/com.st.stm32cube.ide.mcu.externaltools.gnu-tools-for-stm32.10.3-2021.10.win32_1.0.0.202111181127/tools/bin/../lib/gcc/arm-none-eabi/10.3.1/thumb/v7-m/nofp\libgcc.a(_arm_muldivsf3.o)
                0x0000000008000b78                __mulsf3
                0x0000000008000b78                __aeabi_fmul
                0x0000000008000ce0                __aeabi_fdiv
                0x0000000008000ce0                __divsf3
 .text          0x0000000008000e18       0xec d:/applications/stm32cubeide_1.10.1/stm32cubeide/plugins/com.st.stm32cube.ide.mcu.externaltools.gnu-tools-for-stm32.10.3-2021.10.win32_1.0.0.202111181127/tools/bin/../lib/gcc/arm-none-eabi/10.3.1/thumb/v7-m/nofp\libgcc.a(_arm_cmpsf2.o)
                0x0000000008000e18                __gesf2
                0x0000000008000e18                __gtsf2
                0x0000000008000e20                __lesf2
                0x0000000008000e20                __ltsf2
                0x0000000008000e28                __nesf2
                0x0000000008000e28                __eqsf2
                0x0000000008000e28                __cmpsf2
                0x0000000008000e88                __aeabi_cfrcmple
                0x0000000008000e90                __aeabi_cfcmpeq
                0x0000000008000e90                __aeabi_cfcmple
                0x0000000008000ea0                __aeabi_fcmpeq
                0x0000000008000eb4                __aeabi_fcmplt
                0x0000000008000ec8                __aeabi_fcmple
                0x0000000008000edc                __aeabi_fcmpge
                0x0000000008000ef0                __aeabi_fcmpgt
 .text          0x0000000008000f04       0x4c d:/applications/stm32cubeide_1.10.1/stm32cubeide/plugins/com.st.stm32cube.ide.mcu.externaltools.gnu-tools-for-stm32.10.3-2021.10.win32_1.0.0.202111181127/tools/bin/../lib/gcc/arm-none-eabi/10.3.1/thumb/v7-m/nofp\libgcc.a(_arm_fixsfsi.o)
                0x0000000008000f04                __aeabi_f2iz
                0x0000000008000f04                __fixsfsi
 .text          0x0000000008000f50       0x30 d:/applications/stm32cubeide_1.10.1/stm32cubeide/plugins/com.st.stm32cube.ide.mcu.externaltools.gnu-tools-for-stm32.10.3-2021.10.win32_1.0.0.202111181127/tools/bin/../lib/gcc/arm-none-eabi/10.3.1/thumb/v7-m/nofp\libgcc.a(_aeabi_uldivmod.o)
                0x0000000008000f50                __aeabi_uldivmod
 .text          0x0000000008000f80      0x2d4 d:/applications/stm32cubeide_1.10.1/stm32cubeide/plugins/com.st.stm32cube.ide.mcu.externaltools.gnu-tools-for-stm32.10.3-2021.10.win32_1.0.0.202111181127/tools/bin/../lib/gcc/arm-none-eabi/10.3.1/thumb/v7-m/nofp\libgcc.a(_udivmoddi4.o)
                0x0000000008000f80                __udivmoddi4
 .text          0x0000000008001254        0x4 d:/applications/stm32cubeide_1.10.1/stm32cubeide/plugins/com.st.stm32cube.ide.mcu.externaltools.gnu-tools-for-stm32.10.3-2021.10.win32_1.0.0.202111181127/tools/bin/../lib/gcc/arm-none-eabi/10.3.1/thumb/v7-m/nofp\libgcc.a(_dvmd_tls.o)
                0x0000000008001254                __aeabi_idiv0
                0x0000000008001254                __aeabi_ldiv0
 *(.text*)
 .text.HAL_Init
                0x0000000008001258       0x2c ./Drivers/STM32F1xx_HAL_Driver/Src/stm32f1xx_hal.o
                0x0000000008001258                HAL_Init
 .text.HAL_InitTick
                0x0000000008001284       0x38 ./Drivers/STM32F1xx_HAL_Driver/Src/stm32f1xx_hal.o
                0x0000000008001284                HAL_InitTick
 .text.HAL_IncTick
                0x00000000080012bc       0x1c ./Drivers/STM32F1xx_HAL_Driver/Src/stm32f1xx_hal.o
                0x00000000080012bc                HAL_IncTick
 .text.HAL_GetTick
                0x00000000080012d8       0x14 ./Drivers/STM32F1xx_HAL_Driver/Src/stm32f1xx_hal.o
                0x00000000080012d8                HAL_GetTick
 .text.HAL_Delay
                0x00000000080012ec       0x3c ./Drivers/STM32F1xx_HAL_Driver/Src/stm32f1xx_hal.o
                0x00000000080012ec                HAL_Delay
 .text.HAL_ADC_Init
                0x0000000008001328      0x1b0 ./Drivers/STM32F1xx_HAL_Driver/Src/stm32f1xx_hal_adc.o
                0x0000000008001328                HAL_ADC_Init
 .text.HAL_ADC_Start_DMA
                0x00000000080014d8      0x1bc ./Drivers/STM32F1xx_HAL_Driver/Src/stm32f1xx_hal_adc.o
                0x00000000080014d8                HAL_ADC_Start_DMA
 .text.HAL_ADC_ConvCpltCallback
                0x0000000008001694       0x12 ./Drivers/STM32F1xx_HAL_Driver/Src/stm32f1xx_hal_adc.o
                0x0000000008001694                HAL_ADC_ConvCpltCallback
 .text.HAL_ADC_ConvHalfCpltCallback
                0x00000000080016a6       0x12 ./Drivers/STM32F1xx_HAL_Driver/Src/stm32f1xx_hal_adc.o
                0x00000000080016a6                HAL_ADC_ConvHalfCpltCallback
 .text.HAL_ADC_ErrorCallback
                0x00000000080016b8       0x12 ./Drivers/STM32F1xx_HAL_Driver/Src/stm32f1xx_hal_adc.o
                0x00000000080016b8                HAL_ADC_ErrorCallback
 *fill*         0x00000000080016ca        0x2 
 .text.HAL_ADC_ConfigChannel
                0x00000000080016cc      0x1f0 ./Drivers/STM32F1xx_HAL_Driver/Src/stm32f1xx_hal_adc.o
                0x00000000080016cc                HAL_ADC_ConfigChannel
 .text.ADC_Enable
                0x00000000080018bc       0xa4 ./Drivers/STM32F1xx_HAL_Driver/Src/stm32f1xx_hal_adc.o
                0x00000000080018bc                ADC_Enable
 .text.ADC_ConversionStop_Disable
                0x0000000008001960       0x74 ./Drivers/STM32F1xx_HAL_Driver/Src/stm32f1xx_hal_adc.o
                0x0000000008001960                ADC_ConversionStop_Disable
 .text.ADC_DMAConvCplt
                0x00000000080019d4       0x7c ./Drivers/STM32F1xx_HAL_Driver/Src/stm32f1xx_hal_adc.o
                0x00000000080019d4                ADC_DMAConvCplt
 .text.ADC_DMAHalfConvCplt
                0x0000000008001a50       0x1c ./Drivers/STM32F1xx_HAL_Driver/Src/stm32f1xx_hal_adc.o
                0x0000000008001a50                ADC_DMAHalfConvCplt
 .text.ADC_DMAError
                0x0000000008001a6c       0x34 ./Drivers/STM32F1xx_HAL_Driver/Src/stm32f1xx_hal_adc.o
                0x0000000008001a6c                ADC_DMAError
 .text.HAL_CAN_Init
                0x0000000008001aa0      0x202 ./Drivers/STM32F1xx_HAL_Driver/Src/stm32f1xx_hal_can.o
                0x0000000008001aa0                HAL_CAN_Init
 .text.HAL_CAN_ConfigFilter
                0x0000000008001ca2      0x1a2 ./Drivers/STM32F1xx_HAL_Driver/Src/stm32f1xx_hal_can.o
                0x0000000008001ca2                HAL_CAN_ConfigFilter
 .text.HAL_CAN_Transmit
                0x0000000008001e44      0x36c ./Drivers/STM32F1xx_HAL_Driver/Src/stm32f1xx_hal_can.o
                0x0000000008001e44                HAL_CAN_Transmit
 .text.HAL_CAN_IRQHandler
                0x00000000080021b0      0x488 ./Drivers/STM32F1xx_HAL_Driver/Src/stm32f1xx_hal_can.o
                0x00000000080021b0                HAL_CAN_IRQHandler
 .text.HAL_CAN_TxCpltCallback
                0x0000000008002638       0x12 ./Drivers/STM32F1xx_HAL_Driver/Src/stm32f1xx_hal_can.o
                0x0000000008002638                HAL_CAN_TxCpltCallback
 .text.HAL_CAN_ErrorCallback
                0x000000000800264a       0x12 ./Drivers/STM32F1xx_HAL_Driver/Src/stm32f1xx_hal_can.o
                0x000000000800264a                HAL_CAN_ErrorCallback
 .text.CAN_Transmit_IT
                0x000000000800265c       0x86 ./Drivers/STM32F1xx_HAL_Driver/Src/stm32f1xx_hal_can.o
 .text.CAN_Receive_IT
                0x00000000080026e2      0x278 ./Drivers/STM32F1xx_HAL_Driver/Src/stm32f1xx_hal_can.o
 *fill*         0x000000000800295a        0x2 
 .text.NVIC_SetPriorityGrouping
                0x000000000800295c       0x48 ./Drivers/STM32F1xx_HAL_Driver/Src/stm32f1xx_hal_cortex.o
 .text.NVIC_GetPriorityGrouping
                0x00000000080029a4       0x1c ./Drivers/STM32F1xx_HAL_Driver/Src/stm32f1xx_hal_cortex.o
 .text.NVIC_EnableIRQ
                0x00000000080029c0       0x30 ./Drivers/STM32F1xx_HAL_Driver/Src/stm32f1xx_hal_cortex.o
 .text.NVIC_SetPriority
                0x00000000080029f0       0x54 ./Drivers/STM32F1xx_HAL_Driver/Src/stm32f1xx_hal_cortex.o
 .text.NVIC_EncodePriority
                0x0000000008002a44       0x64 ./Drivers/STM32F1xx_HAL_Driver/Src/stm32f1xx_hal_cortex.o
 .text.SysTick_Config
                0x0000000008002aa8       0x44 ./Drivers/STM32F1xx_HAL_Driver/Src/stm32f1xx_hal_cortex.o
 .text.HAL_NVIC_SetPriorityGrouping
                0x0000000008002aec       0x16 ./Drivers/STM32F1xx_HAL_Driver/Src/stm32f1xx_hal_cortex.o
                0x0000000008002aec                HAL_NVIC_SetPriorityGrouping
 .text.HAL_NVIC_SetPriority
                0x0000000008002b02       0x38 ./Drivers/STM32F1xx_HAL_Driver/Src/stm32f1xx_hal_cortex.o
                0x0000000008002b02                HAL_NVIC_SetPriority
 .text.HAL_NVIC_EnableIRQ
                0x0000000008002b3a       0x1c ./Drivers/STM32F1xx_HAL_Driver/Src/stm32f1xx_hal_cortex.o
                0x0000000008002b3a                HAL_NVIC_EnableIRQ
 .text.HAL_SYSTICK_Config
                0x0000000008002b56       0x18 ./Drivers/STM32F1xx_HAL_Driver/Src/stm32f1xx_hal_cortex.o
                0x0000000008002b56                HAL_SYSTICK_Config
 *fill*         0x0000000008002b6e        0x2 
 .text.HAL_SYSTICK_CLKSourceConfig
                0x0000000008002b70       0x38 ./Drivers/STM32F1xx_HAL_Driver/Src/stm32f1xx_hal_cortex.o
                0x0000000008002b70                HAL_SYSTICK_CLKSourceConfig
 .text.HAL_SYSTICK_IRQHandler
                0x0000000008002ba8        0xc ./Drivers/STM32F1xx_HAL_Driver/Src/stm32f1xx_hal_cortex.o
                0x0000000008002ba8                HAL_SYSTICK_IRQHandler
 .text.HAL_SYSTICK_Callback
                0x0000000008002bb4        0xc ./Drivers/STM32F1xx_HAL_Driver/Src/stm32f1xx_hal_cortex.o
                0x0000000008002bb4                HAL_SYSTICK_Callback
 .text.HAL_DMA_Init
                0x0000000008002bc0       0xcc ./Drivers/STM32F1xx_HAL_Driver/Src/stm32f1xx_hal_dma.o
                0x0000000008002bc0                HAL_DMA_Init
 .text.HAL_DMA_Start_IT
                0x0000000008002c8c       0xbe ./Drivers/STM32F1xx_HAL_Driver/Src/stm32f1xx_hal_dma.o
                0x0000000008002c8c                HAL_DMA_Start_IT
 *fill*         0x0000000008002d4a        0x2 
 .text.HAL_DMA_IRQHandler
                0x0000000008002d4c      0x20c ./Drivers/STM32F1xx_HAL_Driver/Src/stm32f1xx_hal_dma.o
                0x0000000008002d4c                HAL_DMA_IRQHandler
 .text.DMA_SetConfig
                0x0000000008002f58       0x5a ./Drivers/STM32F1xx_HAL_Driver/Src/stm32f1xx_hal_dma.o
 *fill*         0x0000000008002fb2        0x2 
 .text.HAL_FLASH_Program
                0x0000000008002fb4       0xe0 ./Drivers/STM32F1xx_HAL_Driver/Src/stm32f1xx_hal_flash.o
                0x0000000008002fb4                HAL_FLASH_Program
 .text.HAL_FLASH_Unlock
                0x0000000008003094       0x38 ./Drivers/STM32F1xx_HAL_Driver/Src/stm32f1xx_hal_flash.o
                0x0000000008003094                HAL_FLASH_Unlock
 .text.HAL_FLASH_Lock
                0x00000000080030cc       0x20 ./Drivers/STM32F1xx_HAL_Driver/Src/stm32f1xx_hal_flash.o
                0x00000000080030cc                HAL_FLASH_Lock
 .text.HAL_FLASH_GetError
                0x00000000080030ec       0x14 ./Drivers/STM32F1xx_HAL_Driver/Src/stm32f1xx_hal_flash.o
                0x00000000080030ec                HAL_FLASH_GetError
 .text.FLASH_Program_HalfWord
                0x0000000008003100       0x38 ./Drivers/STM32F1xx_HAL_Driver/Src/stm32f1xx_hal_flash.o
 .text.FLASH_WaitForLastOperation
                0x0000000008003138       0x8c ./Drivers/STM32F1xx_HAL_Driver/Src/stm32f1xx_hal_flash.o
                0x0000000008003138                FLASH_WaitForLastOperation
 .text.FLASH_SetErrorCode
                0x00000000080031c4       0xa0 ./Drivers/STM32F1xx_HAL_Driver/Src/stm32f1xx_hal_flash.o
 .text.HAL_FLASHEx_Erase
                0x0000000008003264       0xd8 ./Drivers/STM32F1xx_HAL_Driver/Src/stm32f1xx_hal_flash_ex.o
                0x0000000008003264                HAL_FLASHEx_Erase
 .text.FLASH_MassErase
                0x000000000800333c       0x38 ./Drivers/STM32F1xx_HAL_Driver/Src/stm32f1xx_hal_flash_ex.o
 .text.FLASH_PageErase
                0x0000000008003374       0x40 ./Drivers/STM32F1xx_HAL_Driver/Src/stm32f1xx_hal_flash_ex.o
                0x0000000008003374                FLASH_PageErase
 .text.HAL_GPIO_Init
                0x00000000080033b4      0x310 ./Drivers/STM32F1xx_HAL_Driver/Src/stm32f1xx_hal_gpio.o
                0x00000000080033b4                HAL_GPIO_Init
 .text.HAL_GPIO_ReadPin
                0x00000000080036c4       0x2e ./Drivers/STM32F1xx_HAL_Driver/Src/stm32f1xx_hal_gpio.o
                0x00000000080036c4                HAL_GPIO_ReadPin
 .text.HAL_GPIO_WritePin
                0x00000000080036f2       0x30 ./Drivers/STM32F1xx_HAL_Driver/Src/stm32f1xx_hal_gpio.o
                0x00000000080036f2                HAL_GPIO_WritePin
 *fill*         0x0000000008003722        0x2 
 .text.HAL_GPIO_EXTI_IRQHandler
                0x0000000008003724       0x30 ./Drivers/STM32F1xx_HAL_Driver/Src/stm32f1xx_hal_gpio.o
                0x0000000008003724                HAL_GPIO_EXTI_IRQHandler
 .text.HAL_RCC_OscConfig
                0x0000000008003754      0x4c8 ./Drivers/STM32F1xx_HAL_Driver/Src/stm32f1xx_hal_rcc.o
                0x0000000008003754                HAL_RCC_OscConfig
 .text.HAL_RCC_ClockConfig
                0x0000000008003c1c      0x1e8 ./Drivers/STM32F1xx_HAL_Driver/Src/stm32f1xx_hal_rcc.o
                0x0000000008003c1c                HAL_RCC_ClockConfig
 .text.HAL_RCC_GetSysClockFreq
                0x0000000008003e04       0xbc ./Drivers/STM32F1xx_HAL_Driver/Src/stm32f1xx_hal_rcc.o
                0x0000000008003e04                HAL_RCC_GetSysClockFreq
 .text.HAL_RCC_GetHCLKFreq
                0x0000000008003ec0       0x14 ./Drivers/STM32F1xx_HAL_Driver/Src/stm32f1xx_hal_rcc.o
                0x0000000008003ec0                HAL_RCC_GetHCLKFreq
 .text.HAL_RCC_GetPCLK1Freq
                0x0000000008003ed4       0x28 ./Drivers/STM32F1xx_HAL_Driver/Src/stm32f1xx_hal_rcc.o
                0x0000000008003ed4                HAL_RCC_GetPCLK1Freq
 .text.HAL_RCC_GetPCLK2Freq
                0x0000000008003efc       0x28 ./Drivers/STM32F1xx_HAL_Driver/Src/stm32f1xx_hal_rcc.o
                0x0000000008003efc                HAL_RCC_GetPCLK2Freq
 .text.RCC_Delay
                0x0000000008003f24       0x40 ./Drivers/STM32F1xx_HAL_Driver/Src/stm32f1xx_hal_rcc.o
 .text.HAL_RCCEx_PeriphCLKConfig
                0x0000000008003f64      0x16c ./Drivers/STM32F1xx_HAL_Driver/Src/stm32f1xx_hal_rcc_ex.o
                0x0000000008003f64                HAL_RCCEx_PeriphCLKConfig
 .text.HAL_TIM_Base_Init
                0x00000000080040d0       0x56 ./Drivers/STM32F1xx_HAL_Driver/Src/stm32f1xx_hal_tim.o
                0x00000000080040d0                HAL_TIM_Base_Init
 .text.HAL_TIM_PWM_Init
                0x0000000008004126       0x56 ./Drivers/STM32F1xx_HAL_Driver/Src/stm32f1xx_hal_tim.o
                0x0000000008004126                HAL_TIM_PWM_Init
 .text.HAL_TIM_PWM_Start
                0x000000000800417c       0x50 ./Drivers/STM32F1xx_HAL_Driver/Src/stm32f1xx_hal_tim.o
                0x000000000800417c                HAL_TIM_PWM_Start
 .text.HAL_TIM_IC_Init
                0x00000000080041cc       0x56 ./Drivers/STM32F1xx_HAL_Driver/Src/stm32f1xx_hal_tim.o
                0x00000000080041cc                HAL_TIM_IC_Init
 .text.HAL_TIM_IC_MspInit
                0x0000000008004222       0x12 ./Drivers/STM32F1xx_HAL_Driver/Src/stm32f1xx_hal_tim.o
                0x0000000008004222                HAL_TIM_IC_MspInit
 .text.HAL_TIM_IC_Start_IT
                0x0000000008004234       0xc0 ./Drivers/STM32F1xx_HAL_Driver/Src/stm32f1xx_hal_tim.o
                0x0000000008004234                HAL_TIM_IC_Start_IT
 .text.HAL_TIM_IRQHandler
                0x00000000080042f4      0x210 ./Drivers/STM32F1xx_HAL_Driver/Src/stm32f1xx_hal_tim.o
                0x00000000080042f4                HAL_TIM_IRQHandler
 .text.HAL_TIM_IC_ConfigChannel
                0x0000000008004504      0x138 ./Drivers/STM32F1xx_HAL_Driver/Src/stm32f1xx_hal_tim.o
                0x0000000008004504                HAL_TIM_IC_ConfigChannel
 .text.HAL_TIM_PWM_ConfigChannel
                0x000000000800463c      0x18c ./Drivers/STM32F1xx_HAL_Driver/Src/stm32f1xx_hal_tim.o
                0x000000000800463c                HAL_TIM_PWM_ConfigChannel
 .text.HAL_TIM_ConfigClockSource
                0x00000000080047c8      0x1d6 ./Drivers/STM32F1xx_HAL_Driver/Src/stm32f1xx_hal_tim.o
                0x00000000080047c8                HAL_TIM_ConfigClockSource
 *fill*         0x000000000800499e        0x2 
 .text.HAL_TIM_ReadCapturedValue
                0x00000000080049a0       0xa4 ./Drivers/STM32F1xx_HAL_Driver/Src/stm32f1xx_hal_tim.o
                0x00000000080049a0                HAL_TIM_ReadCapturedValue
 .text.HAL_TIM_OC_DelayElapsedCallback
                0x0000000008004a44       0x12 ./Drivers/STM32F1xx_HAL_Driver/Src/stm32f1xx_hal_tim.o
                0x0000000008004a44                HAL_TIM_OC_DelayElapsedCallback
 .text.HAL_TIM_PWM_PulseFinishedCallback
                0x0000000008004a56       0x12 ./Drivers/STM32F1xx_HAL_Driver/Src/stm32f1xx_hal_tim.o
                0x0000000008004a56                HAL_TIM_PWM_PulseFinishedCallback
 .text.HAL_TIM_TriggerCallback
                0x0000000008004a68       0x12 ./Drivers/STM32F1xx_HAL_Driver/Src/stm32f1xx_hal_tim.o
                0x0000000008004a68                HAL_TIM_TriggerCallback
 *fill*         0x0000000008004a7a        0x2 
 .text.TIM_Base_SetConfig
                0x0000000008004a7c       0xcc ./Drivers/STM32F1xx_HAL_Driver/Src/stm32f1xx_hal_tim.o
                0x0000000008004a7c                TIM_Base_SetConfig
 .text.TIM_OC1_SetConfig
                0x0000000008004b48       0xd8 ./Drivers/STM32F1xx_HAL_Driver/Src/stm32f1xx_hal_tim.o
 .text.TIM_OC2_SetConfig
                0x0000000008004c20       0xe0 ./Drivers/STM32F1xx_HAL_Driver/Src/stm32f1xx_hal_tim.o
                0x0000000008004c20                TIM_OC2_SetConfig
 .text.TIM_OC3_SetConfig
                0x0000000008004d00       0xe0 ./Drivers/STM32F1xx_HAL_Driver/Src/stm32f1xx_hal_tim.o
 .text.TIM_OC4_SetConfig
                0x0000000008004de0       0xa8 ./Drivers/STM32F1xx_HAL_Driver/Src/stm32f1xx_hal_tim.o
 .text.TIM_TI1_SetConfig
                0x0000000008004e88       0xbc ./Drivers/STM32F1xx_HAL_Driver/Src/stm32f1xx_hal_tim.o
                0x0000000008004e88                TIM_TI1_SetConfig
 .text.TIM_TI1_ConfigInputStage
                0x0000000008004f44       0x64 ./Drivers/STM32F1xx_HAL_Driver/Src/stm32f1xx_hal_tim.o
 .text.TIM_TI2_SetConfig
                0x0000000008004fa8       0x80 ./Drivers/STM32F1xx_HAL_Driver/Src/stm32f1xx_hal_tim.o
 .text.TIM_TI2_ConfigInputStage
                0x0000000008005028       0x66 ./Drivers/STM32F1xx_HAL_Driver/Src/stm32f1xx_hal_tim.o
 .text.TIM_TI3_SetConfig
                0x000000000800508e       0x7e ./Drivers/STM32F1xx_HAL_Driver/Src/stm32f1xx_hal_tim.o
 .text.TIM_TI4_SetConfig
                0x000000000800510c       0x80 ./Drivers/STM32F1xx_HAL_Driver/Src/stm32f1xx_hal_tim.o
 .text.TIM_ITRx_SetConfig
                0x000000000800518c       0x3e ./Drivers/STM32F1xx_HAL_Driver/Src/stm32f1xx_hal_tim.o
 .text.TIM_ETR_SetConfig
                0x00000000080051ca       0x42 ./Drivers/STM32F1xx_HAL_Driver/Src/stm32f1xx_hal_tim.o
 .text.TIM_CCxChannelCmd
                0x000000000800520c       0x44 ./Drivers/STM32F1xx_HAL_Driver/Src/stm32f1xx_hal_tim.o
                0x000000000800520c                TIM_CCxChannelCmd
 .text.HAL_TIMEx_OCN_Start
                0x0000000008005250       0x42 ./Drivers/STM32F1xx_HAL_Driver/Src/stm32f1xx_hal_tim_ex.o
                0x0000000008005250                HAL_TIMEx_OCN_Start
 .text.HAL_TIMEx_ConfigBreakDeadTime
                0x0000000008005292       0xb0 ./Drivers/STM32F1xx_HAL_Driver/Src/stm32f1xx_hal_tim_ex.o
                0x0000000008005292                HAL_TIMEx_ConfigBreakDeadTime
 .text.HAL_TIMEx_MasterConfigSynchronization
                0x0000000008005342       0x88 ./Drivers/STM32F1xx_HAL_Driver/Src/stm32f1xx_hal_tim_ex.o
                0x0000000008005342                HAL_TIMEx_MasterConfigSynchronization
 .text.HAL_TIMEx_CommutationCallback
                0x00000000080053ca       0x12 ./Drivers/STM32F1xx_HAL_Driver/Src/stm32f1xx_hal_tim_ex.o
                0x00000000080053ca                HAL_TIMEx_CommutationCallback
 .text.HAL_TIMEx_BreakCallback
                0x00000000080053dc       0x12 ./Drivers/STM32F1xx_HAL_Driver/Src/stm32f1xx_hal_tim_ex.o
                0x00000000080053dc                HAL_TIMEx_BreakCallback
 .text.TIM_CCxNChannelCmd
                0x00000000080053ee       0x44 ./Drivers/STM32F1xx_HAL_Driver/Src/stm32f1xx_hal_tim_ex.o
 .text.HAL_UART_Init
                0x0000000008005432       0x9a ./Drivers/STM32F1xx_HAL_Driver/Src/stm32f1xx_hal_uart.o
                0x0000000008005432                HAL_UART_Init
 .text.UART_SetConfig
                0x00000000080054cc      0x230 ./Drivers/STM32F1xx_HAL_Driver/Src/stm32f1xx_hal_uart.o
 .text.GetPage  0x00000000080056fc       0x4e ./Src/FLASH_PAGE_F1.o
 .text.float2Bytes
                0x000000000800574a       0x3e ./Src/FLASH_PAGE_F1.o
                0x000000000800574a                float2Bytes
 .text.Bytes2float
                0x0000000008005788       0x3c ./Src/FLASH_PAGE_F1.o
                0x0000000008005788                Bytes2float
 .text.Flash_Write_Data
                0x00000000080057c4       0xb8 ./Src/FLASH_PAGE_F1.o
                0x00000000080057c4                Flash_Write_Data
 .text.Flash_Read_Data
                0x000000000800587c       0x3a ./Src/FLASH_PAGE_F1.o
                0x000000000800587c                Flash_Read_Data
 *fill*         0x00000000080058b6        0x2 
 .text.Flash_Write_NUM
                0x00000000080058b8       0x28 ./Src/FLASH_PAGE_F1.o
                0x00000000080058b8                Flash_Write_NUM
 .text.Flash_Read_NUM
                0x00000000080058e0       0x2c ./Src/FLASH_PAGE_F1.o
                0x00000000080058e0                Flash_Read_NUM
 .text.MX_ADC1_Init
                0x000000000800590c      0x100 ./Src/adc.o
                0x000000000800590c                MX_ADC1_Init
 .text.HAL_ADC_MspInit
                0x0000000008005a0c       0xcc ./Src/adc.o
                0x0000000008005a0c                HAL_ADC_MspInit
 .text.is_blue_button_pressed
                0x0000000008005ad8       0x24 ./Src/calibrate.o
                0x0000000008005ad8                is_blue_button_pressed
 .text.calibrate
                0x0000000008005afc      0x1d4 ./Src/calibrate.o
                0x0000000008005afc                calibrate
 .text.MX_CAN_Init
                0x0000000008005cd0       0x88 ./Src/can.o
                0x0000000008005cd0                MX_CAN_Init
 .text.HAL_CAN_MspInit
                0x0000000008005d58       0x9c ./Src/can.o
                0x0000000008005d58                HAL_CAN_MspInit
 .text.CAN_FilterConfig
                0x0000000008005df4       0x60 ./Src/can.o
                0x0000000008005df4                CAN_FilterConfig
 .text.CAN_Send
                0x0000000008005e54       0x78 ./Src/can.o
                0x0000000008005e54                CAN_Send
 .text.read_mode
                0x0000000008005ecc       0x1a ./Src/can.o
                0x0000000008005ecc                read_mode
 *fill*         0x0000000008005ee6        0x2 
 .text.HAL_CAN_RxCpltCallback
                0x0000000008005ee8       0xf8 ./Src/can.o
                0x0000000008005ee8                HAL_CAN_RxCpltCallback
 .text.car_control
                0x0000000008005fe0       0x58 ./Src/control.o
                0x0000000008005fe0                car_control
 .text.MX_DMA_Init
                0x0000000008006038       0x3c ./Src/dma.o
                0x0000000008006038                MX_DMA_Init
 .text.MX_GPIO_Init
                0x0000000008006074      0x174 ./Src/gpio.o
                0x0000000008006074                MX_GPIO_Init
 .text.lockHook
                0x00000000080061e8       0x18 ./Src/hook.o
                0x00000000080061e8                lockHook
 .text.unlockHook
                0x0000000008006200       0x18 ./Src/hook.o
                0x0000000008006200                unlockHook
 .text.HAL_TIM_PeriodElapsedCallback
                0x0000000008006218       0x54 ./Src/main.o
                0x0000000008006218                HAL_TIM_PeriodElapsedCallback
 .text.HAL_TIM_IC_CaptureCallback
                0x000000000800626c       0xa8 ./Src/main.o
                0x000000000800626c                HAL_TIM_IC_CaptureCallback
 .text.HAL_GPIO_EXTI_Callback
                0x0000000008006314       0x6c ./Src/main.o
                0x0000000008006314                HAL_GPIO_EXTI_Callback
 .text.SYS_MicroDelay
                0x0000000008006380       0x30 ./Src/main.o
                0x0000000008006380                SYS_MicroDelay
 .text.main     0x00000000080063b0      0x46c ./Src/main.o
                0x00000000080063b0                main
 .text.SystemClock_Config
                0x000000000800681c       0xc4 ./Src/main.o
                0x000000000800681c                SystemClock_Config
 .text._Error_Handler
                0x00000000080068e0       0x14 ./Src/main.o
                0x00000000080068e0                _Error_Handler
 .text.power_boostrap
                0x00000000080068f4       0x18 ./Src/power.o
                0x00000000080068f4                power_boostrap
 *fill*         0x000000000800690c        0x4 
 .text.steering_set_speed
                0x0000000008006910       0xc4 ./Src/steering.o
                0x0000000008006910                steering_set_speed
 .text.steering_get_angle
                0x00000000080069d4       0x80 ./Src/steering.o
                0x00000000080069d4                steering_get_angle
 .text.steering_move_with_button
                0x0000000008006a54       0xc4 ./Src/steering.o
                0x0000000008006a54                steering_move_with_button
 .text.readCalibrationData
                0x0000000008006b18       0x30 ./Src/steering.o
                0x0000000008006b18                readCalibrationData
 .text.HAL_MspInit
                0x0000000008006b48       0xa0 ./Src/stm32f1xx_hal_msp.o
                0x0000000008006b48                HAL_MspInit
 .text.SVC_Handler
                0x0000000008006be8        0xc ./Src/stm32f1xx_it.o
                0x0000000008006be8                SVC_Handler
 .text.PendSV_Handler
                0x0000000008006bf4        0xc ./Src/stm32f1xx_it.o
                0x0000000008006bf4                PendSV_Handler
 .text.SysTick_Handler
                0x0000000008006c00       0x84 ./Src/stm32f1xx_it.o
                0x0000000008006c00                SysTick_Handler
 .text.DMA1_Channel1_IRQHandler
                0x0000000008006c84       0x14 ./Src/stm32f1xx_it.o
                0x0000000008006c84                DMA1_Channel1_IRQHandler
 .text.USB_LP_CAN_RX0_IRQHandler
                0x0000000008006c98       0x14 ./Src/stm32f1xx_it.o
                0x0000000008006c98                USB_LP_CAN_RX0_IRQHandler
 .text.TIM2_IRQHandler
                0x0000000008006cac       0x14 ./Src/stm32f1xx_it.o
                0x0000000008006cac                TIM2_IRQHandler
 .text.TIM3_IRQHandler
                0x0000000008006cc0       0x14 ./Src/stm32f1xx_it.o
                0x0000000008006cc0                TIM3_IRQHandler
 .text.TIM4_IRQHandler
                0x0000000008006cd4       0x14 ./Src/stm32f1xx_it.o
                0x0000000008006cd4                TIM4_IRQHandler
 .text.EXTI9_5_IRQHandler
                0x0000000008006ce8       0x1e ./Src/stm32f1xx_it.o
                0x0000000008006ce8                EXTI9_5_IRQHandler
 *fill*         0x0000000008006d06        0x2 
 .text.SystemInit
                0x0000000008006d08       0x68 ./Src/system_stm32f1xx.o
                0x0000000008006d08                SystemInit
 .text.MX_TIM1_Init
                0x0000000008006d70      0x130 ./Src/tim.o
                0x0000000008006d70                MX_TIM1_Init
 .text.MX_TIM2_Init
                0x0000000008006ea0       0xd4 ./Src/tim.o
                0x0000000008006ea0                MX_TIM2_Init
 .text.MX_TIM3_Init
                0x0000000008006f74       0x50 ./Src/tim.o
                0x0000000008006f74                MX_TIM3_Init
 .text.MX_TIM4_Init
                0x0000000008006fc4       0xd8 ./Src/tim.o
                0x0000000008006fc4                MX_TIM4_Init
 .text.HAL_TIM_PWM_MspInit
                0x000000000800709c       0x3c ./Src/tim.o
                0x000000000800709c                HAL_TIM_PWM_MspInit
 .text.HAL_TIM_Base_MspInit
                0x00000000080070d8      0x10c ./Src/tim.o
                0x00000000080070d8                HAL_TIM_Base_MspInit
 .text.HAL_TIM_MspPostInit
                0x00000000080071e4       0x74 ./Src/tim.o
                0x00000000080071e4                HAL_TIM_MspPostInit
 .text.startMicroSecondCounter
                0x0000000008007258       0x1c ./Src/timer.o
                0x0000000008007258                startMicroSecondCounter
 .text.microSecondTimerOverflow
                0x0000000008007274       0x24 ./Src/timer.o
                0x0000000008007274                microSecondTimerOverflow
 .text.microSecond
                0x0000000008007298       0x60 ./Src/timer.o
                0x0000000008007298                microSecond
 .text.MX_USART2_UART_Init
                0x00000000080072f8       0x5c ./Src/usart.o
                0x00000000080072f8                MX_USART2_UART_Init
 .text.HAL_UART_MspInit
                0x0000000008007354       0x58 ./Src/usart.o
                0x0000000008007354                HAL_UART_MspInit
 .text.wheels_set_speed
                0x00000000080073ac      0x150 ./Src/wheels.o
                0x00000000080073ac                wheels_set_speed
 .text.Reset_Handler
                0x00000000080074fc       0x50 ./Startup/startup_stm32f103rbtx.o
                0x00000000080074fc                Reset_Handler
 .text.Default_Handler
                0x000000000800754c        0x2 ./Startup/startup_stm32f103rbtx.o
                0x000000000800754c                EXTI2_IRQHandler
                0x000000000800754c                TIM8_TRG_COM_IRQHandler
                0x000000000800754c                TIM8_CC_IRQHandler
                0x000000000800754c                DebugMon_Handler
                0x000000000800754c                TIM1_CC_IRQHandler
                0x000000000800754c                HardFault_Handler
                0x000000000800754c                TIM6_IRQHandler
                0x000000000800754c                PVD_IRQHandler
                0x000000000800754c                SDIO_IRQHandler
                0x000000000800754c                NMI_Handler
                0x000000000800754c                EXTI3_IRQHandler
                0x000000000800754c                USB_HP_CAN_TX_IRQHandler
                0x000000000800754c                EXTI0_IRQHandler
                0x000000000800754c                I2C2_EV_IRQHandler
                0x000000000800754c                UsageFault_Handler
                0x000000000800754c                ADC1_2_IRQHandler
                0x000000000800754c                SPI1_IRQHandler
                0x000000000800754c                CAN_SCE_IRQHandler
                0x000000000800754c                TAMPER_IRQHandler
                0x000000000800754c                TIM8_UP_IRQHandler
                0x000000000800754c                DMA2_Channel2_IRQHandler
                0x000000000800754c                DMA1_Channel4_IRQHandler
                0x000000000800754c                USART3_IRQHandler
                0x000000000800754c                RTC_IRQHandler
                0x000000000800754c                DMA1_Channel7_IRQHandler
                0x000000000800754c                UART5_IRQHandler
                0x000000000800754c                ADC3_IRQHandler
                0x000000000800754c                CAN_RX1_IRQHandler
                0x000000000800754c                DMA2_Channel1_IRQHandler
                0x000000000800754c                I2C1_EV_IRQHandler
                0x000000000800754c                DMA1_Channel6_IRQHandler
                0x000000000800754c                UART4_IRQHandler
                0x000000000800754c                RCC_IRQHandler
                0x000000000800754c                TIM1_TRG_COM_IRQHandler
                0x000000000800754c                Default_Handler
                0x000000000800754c                EXTI15_10_IRQHandler
                0x000000000800754c                TIM7_IRQHandler
                0x000000000800754c                TIM5_IRQHandler
                0x000000000800754c                SPI2_IRQHandler
                0x000000000800754c                MemManage_Handler
                0x000000000800754c                DMA1_Channel5_IRQHandler
                0x000000000800754c                EXTI4_IRQHandler
                0x000000000800754c                DMA1_Channel3_IRQHandler
                0x000000000800754c                FSMC_IRQHandler
                0x000000000800754c                TIM1_UP_IRQHandler
                0x000000000800754c                WWDG_IRQHandler
                0x000000000800754c                TIM1_BRK_IRQHandler
                0x000000000800754c                EXTI1_IRQHandler
                0x000000000800754c                RTCAlarm_IRQHandler
                0x000000000800754c                DMA2_Channel4_5_IRQHandler
                0x000000000800754c                USART2_IRQHandler
                0x000000000800754c                I2C2_ER_IRQHandler
                0x000000000800754c                DMA1_Channel2_IRQHandler
                0x000000000800754c                TIM8_BRK_IRQHandler
                0x000000000800754c                FLASH_IRQHandler
                0x000000000800754c                BusFault_Handler
                0x000000000800754c                USART1_IRQHandler
                0x000000000800754c                SPI3_IRQHandler
                0x000000000800754c                I2C1_ER_IRQHandler
                0x000000000800754c                DMA2_Channel3_IRQHandler
 *fill*         0x000000000800754e        0x2 
 .text.__libc_init_array
                0x0000000008007550       0x48 d:/applications/stm32cubeide_1.10.1/stm32cubeide/plugins/com.st.stm32cube.ide.mcu.externaltools.gnu-tools-for-stm32.10.3-2021.10.win32_1.0.0.202111181127/tools/bin/../lib/gcc/arm-none-eabi/10.3.1/../../../../arm-none-eabi/lib/thumb/v7-m/nofp\libc_nano.a(lib_a-init.o)
                0x0000000008007550                __libc_init_array
 *(.glue_7)
 .glue_7        0x0000000008007598        0x0 linker stubs
 *(.glue_7t)
 .glue_7t       0x0000000008007598        0x0 linker stubs
 *(.eh_frame)
 .eh_frame      0x0000000008007598        0x0 d:/applications/stm32cubeide_1.10.1/stm32cubeide/plugins/com.st.stm32cube.ide.mcu.externaltools.gnu-tools-for-stm32.10.3-2021.10.win32_1.0.0.202111181127/tools/bin/../lib/gcc/arm-none-eabi/10.3.1/thumb/v7-m/nofp/crtbegin.o
 *(.init)
 .init          0x0000000008007598        0x4 d:/applications/stm32cubeide_1.10.1/stm32cubeide/plugins/com.st.stm32cube.ide.mcu.externaltools.gnu-tools-for-stm32.10.3-2021.10.win32_1.0.0.202111181127/tools/bin/../lib/gcc/arm-none-eabi/10.3.1/thumb/v7-m/nofp/crti.o
                0x0000000008007598                _init
 .init          0x000000000800759c        0x8 d:/applications/stm32cubeide_1.10.1/stm32cubeide/plugins/com.st.stm32cube.ide.mcu.externaltools.gnu-tools-for-stm32.10.3-2021.10.win32_1.0.0.202111181127/tools/bin/../lib/gcc/arm-none-eabi/10.3.1/thumb/v7-m/nofp/crtn.o
 *(.fini)
 .fini          0x00000000080075a4        0x4 d:/applications/stm32cubeide_1.10.1/stm32cubeide/plugins/com.st.stm32cube.ide.mcu.externaltools.gnu-tools-for-stm32.10.3-2021.10.win32_1.0.0.202111181127/tools/bin/../lib/gcc/arm-none-eabi/10.3.1/thumb/v7-m/nofp/crti.o
                0x00000000080075a4                _fini
 .fini          0x00000000080075a8        0x8 d:/applications/stm32cubeide_1.10.1/stm32cubeide/plugins/com.st.stm32cube.ide.mcu.externaltools.gnu-tools-for-stm32.10.3-2021.10.win32_1.0.0.202111181127/tools/bin/../lib/gcc/arm-none-eabi/10.3.1/thumb/v7-m/nofp/crtn.o
                0x00000000080075b0                . = ALIGN (0x4)
                0x00000000080075b0                _etext = .

.vfp11_veneer   0x00000000080075b0        0x0
 .vfp11_veneer  0x00000000080075b0        0x0 linker stubs

.v4_bx          0x00000000080075b0        0x0
 .v4_bx         0x00000000080075b0        0x0 linker stubs

.iplt           0x00000000080075b0        0x0
 .iplt          0x00000000080075b0        0x0 d:/applications/stm32cubeide_1.10.1/stm32cubeide/plugins/com.st.stm32cube.ide.mcu.externaltools.gnu-tools-for-stm32.10.3-2021.10.win32_1.0.0.202111181127/tools/bin/../lib/gcc/arm-none-eabi/10.3.1/thumb/v7-m/nofp/crtbegin.o

.rodata         0x00000000080075b0       0x80
                0x00000000080075b0                . = ALIGN (0x4)
 *(.rodata)
 .rodata        0x00000000080075b0       0x10 ./Drivers/STM32F1xx_HAL_Driver/Src/stm32f1xx_hal_rcc.o
 .rodata        0x00000000080075c0        0xd ./Src/adc.o
 *fill*         0x00000000080075cd        0x3 
 .rodata        0x00000000080075d0        0x8 ./Src/calibrate.o
 .rodata        0x00000000080075d8        0xd ./Src/can.o
 *fill*         0x00000000080075e5        0x3 
 .rodata        0x00000000080075e8        0xe ./Src/main.o
 *fill*         0x00000000080075f6        0x2 
 .rodata        0x00000000080075f8        0xd ./Src/tim.o
 *fill*         0x0000000008007605        0x3 
 .rodata        0x0000000008007608        0xf ./Src/usart.o
 *(.rodata*)
 *fill*         0x0000000008007617        0x1 
 .rodata.AHBPrescTable
                0x0000000008007618       0x10 ./Src/system_stm32f1xx.o
                0x0000000008007618                AHBPrescTable
 .rodata.APBPrescTable
                0x0000000008007628        0x8 ./Src/system_stm32f1xx.o
                0x0000000008007628                APBPrescTable
                0x0000000008007630                . = ALIGN (0x4)

.ARM.extab      0x0000000008007630        0x0
                0x0000000008007630                . = ALIGN (0x4)
 *(.ARM.extab* .gnu.linkonce.armextab.*)
                0x0000000008007630                . = ALIGN (0x4)

.ARM            0x0000000008007630        0x8
                0x0000000008007630                . = ALIGN (0x4)
                0x0000000008007630                __exidx_start = .
 *(.ARM.exidx*)
 .ARM.exidx     0x0000000008007630        0x8 d:/applications/stm32cubeide_1.10.1/stm32cubeide/plugins/com.st.stm32cube.ide.mcu.externaltools.gnu-tools-for-stm32.10.3-2021.10.win32_1.0.0.202111181127/tools/bin/../lib/gcc/arm-none-eabi/10.3.1/thumb/v7-m/nofp\libgcc.a(_udivmoddi4.o)
                0x0000000008007638                __exidx_end = .
                0x0000000008007638                . = ALIGN (0x4)

.rel.dyn        0x0000000008007638        0x0
 .rel.iplt      0x0000000008007638        0x0 d:/applications/stm32cubeide_1.10.1/stm32cubeide/plugins/com.st.stm32cube.ide.mcu.externaltools.gnu-tools-for-stm32.10.3-2021.10.win32_1.0.0.202111181127/tools/bin/../lib/gcc/arm-none-eabi/10.3.1/thumb/v7-m/nofp/crtbegin.o

.preinit_array  0x0000000008007638        0x0
                0x0000000008007638                . = ALIGN (0x4)
                0x0000000008007638                PROVIDE (__preinit_array_start = .)
 *(.preinit_array*)
                0x0000000008007638                PROVIDE (__preinit_array_end = .)
                0x0000000008007638                . = ALIGN (0x4)

.init_array     0x0000000008007638        0x4
                0x0000000008007638                . = ALIGN (0x4)
                0x0000000008007638                PROVIDE (__init_array_start = .)
 *(SORT_BY_NAME(.init_array.*))
 *(.init_array*)
 .init_array    0x0000000008007638        0x4 d:/applications/stm32cubeide_1.10.1/stm32cubeide/plugins/com.st.stm32cube.ide.mcu.externaltools.gnu-tools-for-stm32.10.3-2021.10.win32_1.0.0.202111181127/tools/bin/../lib/gcc/arm-none-eabi/10.3.1/thumb/v7-m/nofp/crtbegin.o
                0x000000000800763c                PROVIDE (__init_array_end = .)
                0x000000000800763c                . = ALIGN (0x4)

.fini_array     0x000000000800763c        0x4
                0x000000000800763c                . = ALIGN (0x4)
                [!provide]                        PROVIDE (__fini_array_start = .)
 *(SORT_BY_NAME(.fini_array.*))
 *(.fini_array*)
 .fini_array    0x000000000800763c        0x4 d:/applications/stm32cubeide_1.10.1/stm32cubeide/plugins/com.st.stm32cube.ide.mcu.externaltools.gnu-tools-for-stm32.10.3-2021.10.win32_1.0.0.202111181127/tools/bin/../lib/gcc/arm-none-eabi/10.3.1/thumb/v7-m/nofp/crtbegin.o
                [!provide]                        PROVIDE (__fini_array_end = .)
                0x0000000008007640                . = ALIGN (0x4)
                0x0000000008007640                _sidata = LOADADDR (.data)

.data           0x0000000020000000       0x44 load address 0x0000000008007640
                0x0000000020000000                . = ALIGN (0x4)
                0x0000000020000000                _sdata = .
 *(.data)
 *(.data*)
 .data.mode     0x0000000020000000        0x4 ./Src/main.o
                0x0000000020000000                mode
 .data.UPDATE_CMD_FLAG
                0x0000000020000004        0x4 ./Src/main.o
                0x0000000020000004                UPDATE_CMD_FLAG
 .data.US_FLAG  0x0000000020000008        0x4 ./Src/main.o
                0x0000000020000008                US_FLAG
 .data.CAN_SEND_MOTORS
                0x000000002000000c        0x4 ./Src/main.o
                0x000000002000000c                CAN_SEND_MOTORS
 .data.CAN_SEND_BATT
                0x0000000020000010        0x4 ./Src/main.o
                0x0000000020000010                CAN_SEND_BATT
 .data.sendTrig
                0x0000000020000014        0x4 ./Src/main.o
                0x0000000020000014                sendTrig
 .data.usEchoStart
                0x0000000020000018        0x4 ./Src/main.o
                0x0000000020000018                usEchoStart
 .data.usTriggerPin
                0x000000002000001c        0xc ./Src/main.o
                0x000000002000001c                usTriggerPin
 .data.data     0x0000000020000028        0x8 ./Src/main.o
                0x0000000020000028                data
 .data.leftRearSpeed
                0x0000000020000030        0x4 ./Src/main.o
                0x0000000020000030                leftRearSpeed
 .data.rightRearSpeed
                0x0000000020000034        0x4 ./Src/main.o
                0x0000000020000034                rightRearSpeed
 .data.steeringSpeed
                0x0000000020000038        0x4 ./Src/main.o
                0x0000000020000038                steeringSpeed
 .data.need_read_calibration
                0x000000002000003c        0x4 ./Src/steering.o
                0x000000002000003c                need_read_calibration
 .data.SystemCoreClock
                0x0000000020000040        0x4 ./Src/system_stm32f1xx.o
                0x0000000020000040                SystemCoreClock
 *(.RamFunc)
 *(.RamFunc*)
                0x0000000020000044                . = ALIGN (0x4)
                0x0000000020000044                _edata = .

.igot.plt       0x0000000020000044        0x0 load address 0x0000000008007684
 .igot.plt      0x0000000020000044        0x0 d:/applications/stm32cubeide_1.10.1/stm32cubeide/plugins/com.st.stm32cube.ide.mcu.externaltools.gnu-tools-for-stm32.10.3-2021.10.win32_1.0.0.202111181127/tools/bin/../lib/gcc/arm-none-eabi/10.3.1/thumb/v7-m/nofp/crtbegin.o
                0x0000000020000044                . = ALIGN (0x4)

.bss            0x0000000020000048      0x318 load address 0x0000000008007684
                0x0000000020000048                _sbss = .
                0x0000000020000048                __bss_start__ = _sbss
 *(.bss)
 .bss           0x0000000020000048       0x1c d:/applications/stm32cubeide_1.10.1/stm32cubeide/plugins/com.st.stm32cube.ide.mcu.externaltools.gnu-tools-for-stm32.10.3-2021.10.win32_1.0.0.202111181127/tools/bin/../lib/gcc/arm-none-eabi/10.3.1/thumb/v7-m/nofp/crtbegin.o
 *(.bss*)
 .bss.uwTick    0x0000000020000064        0x4 ./Drivers/STM32F1xx_HAL_Driver/Src/stm32f1xx_hal.o
                0x0000000020000064                uwTick
 .bss.pFlash    0x0000000020000068       0x20 ./Drivers/STM32F1xx_HAL_Driver/Src/stm32f1xx_hal_flash.o
                0x0000000020000068                pFlash
 .bss.bytes_temp
                0x0000000020000088        0x4 ./Src/FLASH_PAGE_F1.o
                0x0000000020000088                bytes_temp
 .bss.EraseInitStruct.0
                0x000000002000008c       0x10 ./Src/FLASH_PAGE_F1.o
 .bss.hadc1     0x000000002000009c       0x30 ./Src/adc.o
                0x000000002000009c                hadc1
 .bss.hdma_adc1
                0x00000000200000cc       0x44 ./Src/adc.o
                0x00000000200000cc                hdma_adc1
 .bss.hcan      0x0000000020000110       0x44 ./Src/can.o
                0x0000000020000110                hcan
 .bss.CAN_SEND_US
                0x0000000020000154        0x4 ./Src/main.o
                0x0000000020000154                CAN_SEND_US
 .bss.ADCBUF    0x0000000020000158       0x14 ./Src/main.o
                0x0000000020000158                ADCBUF
 .bss.VMG_mes   0x000000002000016c        0x4 ./Src/main.o
                0x000000002000016c                VMG_mes
 .bss.VMD_mes   0x0000000020000170        0x4 ./Src/main.o
                0x0000000020000170                VMD_mes
 .bss.per_vitesseG
                0x0000000020000174        0x4 ./Src/main.o
                0x0000000020000174                per_vitesseG
 .bss.per_vitesseD
                0x0000000020000178        0x4 ./Src/main.o
                0x0000000020000178                per_vitesseD
 .bss.nbImpulsionG
                0x000000002000017c        0x4 ./Src/main.o
                0x000000002000017c                nbImpulsionG
 .bss.nbImpulsionD
                0x0000000020000180        0x4 ./Src/main.o
                0x0000000020000180                nbImpulsionD
 .bss.usEchoReceived
                0x0000000020000184        0x4 ./Src/main.o
                0x0000000020000184                usEchoReceived
 .bss.usEchoRisingTime
                0x0000000020000188        0x8 ./Src/main.o
                0x0000000020000188                usEchoRisingTime
 .bss.usEchoDuration
                0x0000000020000190        0x8 ./Src/main.o
                0x0000000020000190                usEchoDuration
 .bss.currentUs
                0x0000000020000198        0x4 ./Src/main.o
                0x0000000020000198                currentUs
 .bss.cnt       0x000000002000019c        0x4 ./Src/main.o
                0x000000002000019c                cnt
 .bss.usDistance
                0x00000000200001a0        0xc ./Src/main.o
                0x00000000200001a0                usDistance
 .bss.TxMessage
                0x00000000200001ac       0x1c ./Src/main.o
                0x00000000200001ac                TxMessage
 .bss.RxMessage
                0x00000000200001c8       0x24 ./Src/main.o
                0x00000000200001c8                RxMessage
 .bss.commCheckingRequest
                0x00000000200001ec        0x4 ./Src/main.o
                0x00000000200001ec                commCheckingRequest
 .bss.steering_sensor_coef_a
                0x00000000200001f0        0x4 ./Src/steering.o
                0x00000000200001f0                steering_sensor_coef_a
 .bss.steering_sensor_coef_b
                0x00000000200001f4        0x4 ./Src/steering.o
                0x00000000200001f4                steering_sensor_coef_b
 .bss.previous_value_right.1
                0x00000000200001f8        0x4 ./Src/steering.o
 .bss.previous_value_left.0
                0x00000000200001fc        0x4 ./Src/steering.o
 .bss.cmpt_can_motors.2
                0x0000000020000200        0x4 ./Src/stm32f1xx_it.o
 .bss.cmpt_us.1
                0x0000000020000204        0x4 ./Src/stm32f1xx_it.o
 .bss.cmpt_batt.0
                0x0000000020000208        0x4 ./Src/stm32f1xx_it.o
 .bss.htim1     0x000000002000020c       0x40 ./Src/tim.o
                0x000000002000020c                htim1
 .bss.htim2     0x000000002000024c       0x40 ./Src/tim.o
                0x000000002000024c                htim2
 .bss.htim3     0x000000002000028c       0x40 ./Src/tim.o
                0x000000002000028c                htim3
 .bss.htim4     0x00000000200002cc       0x40 ./Src/tim.o
                0x00000000200002cc                htim4
 *fill*         0x000000002000030c        0x4 
 .bss.timerOverflow
                0x0000000020000310        0x8 ./Src/timer.o
                0x0000000020000310                timerOverflow
 .bss.microSecondTime
                0x0000000020000318        0x8 ./Src/timer.o
                0x0000000020000318                microSecondTime
 .bss.huart2    0x0000000020000320       0x40 ./Src/usart.o
                0x0000000020000320                huart2
 *(COMMON)
                0x0000000020000360                . = ALIGN (0x4)
                0x0000000020000360                _ebss = .
                0x0000000020000360                __bss_end__ = _ebss

._user_heap_stack
                0x0000000020000360      0x600 load address 0x0000000008007684
                0x0000000020000360                . = ALIGN (0x8)
                [!provide]                        PROVIDE (end = .)
                [!provide]                        PROVIDE (_end = .)
                0x0000000020000560                . = (. + _Min_Heap_Size)
 *fill*         0x0000000020000360      0x200 
                0x0000000020000960                . = (. + _Min_Stack_Size)
 *fill*         0x0000000020000560      0x400 
                0x0000000020000960                . = ALIGN (0x8)

/DISCARD/
 libc.a(*)
 libm.a(*)
 libgcc.a(*)

.ARM.attributes
                0x0000000000000000       0x29
 *(.ARM.attributes)
 .ARM.attributes
                0x0000000000000000       0x1d d:/applications/stm32cubeide_1.10.1/stm32cubeide/plugins/com.st.stm32cube.ide.mcu.externaltools.gnu-tools-for-stm32.10.3-2021.10.win32_1.0.0.202111181127/tools/bin/../lib/gcc/arm-none-eabi/10.3.1/thumb/v7-m/nofp/crti.o
 .ARM.attributes
                0x000000000000001d       0x2d d:/applications/stm32cubeide_1.10.1/stm32cubeide/plugins/com.st.stm32cube.ide.mcu.externaltools.gnu-tools-for-stm32.10.3-2021.10.win32_1.0.0.202111181127/tools/bin/../lib/gcc/arm-none-eabi/10.3.1/thumb/v7-m/nofp/crtbegin.o
 .ARM.attributes
                0x000000000000004a       0x2d ./Drivers/STM32F1xx_HAL_Driver/Src/stm32f1xx_hal.o
 .ARM.attributes
                0x0000000000000077       0x2d ./Drivers/STM32F1xx_HAL_Driver/Src/stm32f1xx_hal_adc.o
 .ARM.attributes
                0x00000000000000a4       0x2d ./Drivers/STM32F1xx_HAL_Driver/Src/stm32f1xx_hal_can.o
 .ARM.attributes
                0x00000000000000d1       0x2d ./Drivers/STM32F1xx_HAL_Driver/Src/stm32f1xx_hal_cortex.o
 .ARM.attributes
                0x00000000000000fe       0x2d ./Drivers/STM32F1xx_HAL_Driver/Src/stm32f1xx_hal_dma.o
 .ARM.attributes
                0x000000000000012b       0x2d ./Drivers/STM32F1xx_HAL_Driver/Src/stm32f1xx_hal_flash.o
 .ARM.attributes
                0x0000000000000158       0x2d ./Drivers/STM32F1xx_HAL_Driver/Src/stm32f1xx_hal_flash_ex.o
 .ARM.attributes
                0x0000000000000185       0x2d ./Drivers/STM32F1xx_HAL_Driver/Src/stm32f1xx_hal_gpio.o
 .ARM.attributes
                0x00000000000001b2       0x2d ./Drivers/STM32F1xx_HAL_Driver/Src/stm32f1xx_hal_rcc.o
 .ARM.attributes
                0x00000000000001df       0x2d ./Drivers/STM32F1xx_HAL_Driver/Src/stm32f1xx_hal_rcc_ex.o
 .ARM.attributes
                0x000000000000020c       0x2d ./Drivers/STM32F1xx_HAL_Driver/Src/stm32f1xx_hal_tim.o
 .ARM.attributes
                0x0000000000000239       0x2d ./Drivers/STM32F1xx_HAL_Driver/Src/stm32f1xx_hal_tim_ex.o
 .ARM.attributes
                0x0000000000000266       0x2d ./Drivers/STM32F1xx_HAL_Driver/Src/stm32f1xx_hal_uart.o
 .ARM.attributes
                0x0000000000000293       0x2d ./Src/FLASH_PAGE_F1.o
 .ARM.attributes
                0x00000000000002c0       0x2d ./Src/adc.o
 .ARM.attributes
                0x00000000000002ed       0x2d ./Src/calibrate.o
 .ARM.attributes
                0x000000000000031a       0x2d ./Src/can.o
 .ARM.attributes
                0x0000000000000347       0x2d ./Src/control.o
 .ARM.attributes
                0x0000000000000374       0x2d ./Src/dma.o
 .ARM.attributes
                0x00000000000003a1       0x2d ./Src/gpio.o
 .ARM.attributes
                0x00000000000003ce       0x2d ./Src/hook.o
 .ARM.attributes
                0x00000000000003fb       0x2d ./Src/main.o
 .ARM.attributes
                0x0000000000000428       0x2d ./Src/power.o
 .ARM.attributes
                0x0000000000000455       0x2d ./Src/steering.o
 .ARM.attributes
                0x0000000000000482       0x2d ./Src/stm32f1xx_hal_msp.o
 .ARM.attributes
                0x00000000000004af       0x2d ./Src/stm32f1xx_it.o
 .ARM.attributes
                0x00000000000004dc       0x2d ./Src/system_stm32f1xx.o
 .ARM.attributes
                0x0000000000000509       0x2d ./Src/tim.o
 .ARM.attributes
                0x0000000000000536       0x2d ./Src/timer.o
 .ARM.attributes
                0x0000000000000563       0x2d ./Src/usart.o
 .ARM.attributes
                0x0000000000000590       0x2d ./Src/wheels.o
 .ARM.attributes
                0x00000000000005bd       0x21 ./Startup/startup_stm32f103rbtx.o
 .ARM.attributes
                0x00000000000005de       0x2d d:/applications/stm32cubeide_1.10.1/stm32cubeide/plugins/com.st.stm32cube.ide.mcu.externaltools.gnu-tools-for-stm32.10.3-2021.10.win32_1.0.0.202111181127/tools/bin/../lib/gcc/arm-none-eabi/10.3.1/../../../../arm-none-eabi/lib/thumb/v7-m/nofp\libc_nano.a(lib_a-init.o)
 .ARM.attributes
                0x000000000000060b       0x1d d:/applications/stm32cubeide_1.10.1/stm32cubeide/plugins/com.st.stm32cube.ide.mcu.externaltools.gnu-tools-for-stm32.10.3-2021.10.win32_1.0.0.202111181127/tools/bin/../lib/gcc/arm-none-eabi/10.3.1/thumb/v7-m/nofp\libgcc.a(_arm_addsubdf3.o)
 .ARM.attributes
                0x0000000000000628       0x1d d:/applications/stm32cubeide_1.10.1/stm32cubeide/plugins/com.st.stm32cube.ide.mcu.externaltools.gnu-tools-for-stm32.10.3-2021.10.win32_1.0.0.202111181127/tools/bin/../lib/gcc/arm-none-eabi/10.3.1/thumb/v7-m/nofp\libgcc.a(_arm_muldivdf3.o)
 .ARM.attributes
                0x0000000000000645       0x1d d:/applications/stm32cubeide_1.10.1/stm32cubeide/plugins/com.st.stm32cube.ide.mcu.externaltools.gnu-tools-for-stm32.10.3-2021.10.win32_1.0.0.202111181127/tools/bin/../lib/gcc/arm-none-eabi/10.3.1/thumb/v7-m/nofp\libgcc.a(_arm_fixdfsi.o)
 .ARM.attributes
                0x0000000000000662       0x1d d:/applications/stm32cubeide_1.10.1/stm32cubeide/plugins/com.st.stm32cube.ide.mcu.externaltools.gnu-tools-for-stm32.10.3-2021.10.win32_1.0.0.202111181127/tools/bin/../lib/gcc/arm-none-eabi/10.3.1/thumb/v7-m/nofp\libgcc.a(_arm_addsubsf3.o)
 .ARM.attributes
                0x000000000000067f       0x1d d:/applications/stm32cubeide_1.10.1/stm32cubeide/plugins/com.st.stm32cube.ide.mcu.externaltools.gnu-tools-for-stm32.10.3-2021.10.win32_1.0.0.202111181127/tools/bin/../lib/gcc/arm-none-eabi/10.3.1/thumb/v7-m/nofp\libgcc.a(_arm_muldivsf3.o)
 .ARM.attributes
                0x000000000000069c       0x1d d:/applications/stm32cubeide_1.10.1/stm32cubeide/plugins/com.st.stm32cube.ide.mcu.externaltools.gnu-tools-for-stm32.10.3-2021.10.win32_1.0.0.202111181127/tools/bin/../lib/gcc/arm-none-eabi/10.3.1/thumb/v7-m/nofp\libgcc.a(_arm_cmpsf2.o)
 .ARM.attributes
                0x00000000000006b9       0x1d d:/applications/stm32cubeide_1.10.1/stm32cubeide/plugins/com.st.stm32cube.ide.mcu.externaltools.gnu-tools-for-stm32.10.3-2021.10.win32_1.0.0.202111181127/tools/bin/../lib/gcc/arm-none-eabi/10.3.1/thumb/v7-m/nofp\libgcc.a(_arm_fixsfsi.o)
 .ARM.attributes
                0x00000000000006d6       0x1d d:/applications/stm32cubeide_1.10.1/stm32cubeide/plugins/com.st.stm32cube.ide.mcu.externaltools.gnu-tools-for-stm32.10.3-2021.10.win32_1.0.0.202111181127/tools/bin/../lib/gcc/arm-none-eabi/10.3.1/thumb/v7-m/nofp\libgcc.a(_aeabi_uldivmod.o)
 .ARM.attributes
                0x00000000000006f3       0x2d d:/applications/stm32cubeide_1.10.1/stm32cubeide/plugins/com.st.stm32cube.ide.mcu.externaltools.gnu-tools-for-stm32.10.3-2021.10.win32_1.0.0.202111181127/tools/bin/../lib/gcc/arm-none-eabi/10.3.1/thumb/v7-m/nofp\libgcc.a(_udivmoddi4.o)
 .ARM.attributes
                0x0000000000000720       0x1d d:/applications/stm32cubeide_1.10.1/stm32cubeide/plugins/com.st.stm32cube.ide.mcu.externaltools.gnu-tools-for-stm32.10.3-2021.10.win32_1.0.0.202111181127/tools/bin/../lib/gcc/arm-none-eabi/10.3.1/thumb/v7-m/nofp\libgcc.a(_dvmd_tls.o)
 .ARM.attributes
                0x000000000000073d       0x1d d:/applications/stm32cubeide_1.10.1/stm32cubeide/plugins/com.st.stm32cube.ide.mcu.externaltools.gnu-tools-for-stm32.10.3-2021.10.win32_1.0.0.202111181127/tools/bin/../lib/gcc/arm-none-eabi/10.3.1/thumb/v7-m/nofp/crtn.o
OUTPUT(F103.elf elf32-littlearm)
LOAD linker stubs
LOAD d:/applications/stm32cubeide_1.10.1/stm32cubeide/plugins/com.st.stm32cube.ide.mcu.externaltools.gnu-tools-for-stm32.10.3-2021.10.win32_1.0.0.202111181127/tools/bin/../lib/gcc/arm-none-eabi/10.3.1/../../../../arm-none-eabi/lib/thumb/v7-m/nofp\libc.a
LOAD d:/applications/stm32cubeide_1.10.1/stm32cubeide/plugins/com.st.stm32cube.ide.mcu.externaltools.gnu-tools-for-stm32.10.3-2021.10.win32_1.0.0.202111181127/tools/bin/../lib/gcc/arm-none-eabi/10.3.1/../../../../arm-none-eabi/lib/thumb/v7-m/nofp\libm.a
LOAD d:/applications/stm32cubeide_1.10.1/stm32cubeide/plugins/com.st.stm32cube.ide.mcu.externaltools.gnu-tools-for-stm32.10.3-2021.10.win32_1.0.0.202111181127/tools/bin/../lib/gcc/arm-none-eabi/10.3.1/thumb/v7-m/nofp\libgcc.a

.debug_info     0x0000000000000000    0x10b50
 .debug_info    0x0000000000000000      0x63b ./Drivers/STM32F1xx_HAL_Driver/Src/stm32f1xx_hal.o
 .debug_info    0x000000000000063b      0xcd0 ./Drivers/STM32F1xx_HAL_Driver/Src/stm32f1xx_hal_adc.o
 .debug_info    0x000000000000130b      0xb93 ./Drivers/STM32F1xx_HAL_Driver/Src/stm32f1xx_hal_can.o
 .debug_info    0x0000000000001e9e      0xb16 ./Drivers/STM32F1xx_HAL_Driver/Src/stm32f1xx_hal_cortex.o
 .debug_info    0x00000000000029b4      0x746 ./Drivers/STM32F1xx_HAL_Driver/Src/stm32f1xx_hal_dma.o
 .debug_info    0x00000000000030fa      0x539 ./Drivers/STM32F1xx_HAL_Driver/Src/stm32f1xx_hal_flash.o
 .debug_info    0x0000000000003633      0x7ec ./Drivers/STM32F1xx_HAL_Driver/Src/stm32f1xx_hal_flash_ex.o
 .debug_info    0x0000000000003e1f      0x627 ./Drivers/STM32F1xx_HAL_Driver/Src/stm32f1xx_hal_gpio.o
 .debug_info    0x0000000000004446      0x858 ./Drivers/STM32F1xx_HAL_Driver/Src/stm32f1xx_hal_rcc.o
 .debug_info    0x0000000000004c9e      0x3e7 ./Drivers/STM32F1xx_HAL_Driver/Src/stm32f1xx_hal_rcc_ex.o
 .debug_info    0x0000000000005085     0x239f ./Drivers/STM32F1xx_HAL_Driver/Src/stm32f1xx_hal_tim.o
 .debug_info    0x0000000000007424     0x10a4 ./Drivers/STM32F1xx_HAL_Driver/Src/stm32f1xx_hal_tim_ex.o
 .debug_info    0x00000000000084c8     0x128c ./Drivers/STM32F1xx_HAL_Driver/Src/stm32f1xx_hal_uart.o
 .debug_info    0x0000000000009754      0x527 ./Src/FLASH_PAGE_F1.o
 .debug_info    0x0000000000009c7b      0x84e ./Src/adc.o
 .debug_info    0x000000000000a4c9      0x345 ./Src/calibrate.o
 .debug_info    0x000000000000a80e      0xd02 ./Src/can.o
 .debug_info    0x000000000000b510      0x12b ./Src/control.o
 .debug_info    0x000000000000b63b      0x2ed ./Src/dma.o
 .debug_info    0x000000000000b928      0x495 ./Src/gpio.o
 .debug_info    0x000000000000bdbd      0x19a ./Src/hook.o
 .debug_info    0x000000000000bf57     0x1693 ./Src/main.o
 .debug_info    0x000000000000d5ea      0x19a ./Src/power.o
 .debug_info    0x000000000000d784      0x42e ./Src/steering.o
 .debug_info    0x000000000000dbb2      0x360 ./Src/stm32f1xx_hal_msp.o
 .debug_info    0x000000000000df12      0xc4b ./Src/stm32f1xx_it.o
 .debug_info    0x000000000000eb5d      0x403 ./Src/system_stm32f1xx.o
 .debug_info    0x000000000000ef60      0xeb3 ./Src/tim.o
 .debug_info    0x000000000000fe13      0x25b ./Src/timer.o
 .debug_info    0x000000000001006e      0x7bf ./Src/usart.o
 .debug_info    0x000000000001082d      0x301 ./Src/wheels.o
 .debug_info    0x0000000000010b2e       0x22 ./Startup/startup_stm32f103rbtx.o

.debug_abbrev   0x0000000000000000     0x381e
 .debug_abbrev  0x0000000000000000      0x217 ./Drivers/STM32F1xx_HAL_Driver/Src/stm32f1xx_hal.o
 .debug_abbrev  0x0000000000000217      0x210 ./Drivers/STM32F1xx_HAL_Driver/Src/stm32f1xx_hal_adc.o
 .debug_abbrev  0x0000000000000427      0x21b ./Drivers/STM32F1xx_HAL_Driver/Src/stm32f1xx_hal_can.o
 .debug_abbrev  0x0000000000000642      0x2d0 ./Drivers/STM32F1xx_HAL_Driver/Src/stm32f1xx_hal_cortex.o
 .debug_abbrev  0x0000000000000912      0x1fe ./Drivers/STM32F1xx_HAL_Driver/Src/stm32f1xx_hal_dma.o
 .debug_abbrev  0x0000000000000b10      0x225 ./Drivers/STM32F1xx_HAL_Driver/Src/stm32f1xx_hal_flash.o
 .debug_abbrev  0x0000000000000d35      0x23b ./Drivers/STM32F1xx_HAL_Driver/Src/stm32f1xx_hal_flash_ex.o
 .debug_abbrev  0x0000000000000f70      0x1c4 ./Drivers/STM32F1xx_HAL_Driver/Src/stm32f1xx_hal_gpio.o
 .debug_abbrev  0x0000000000001134      0x2b7 ./Drivers/STM32F1xx_HAL_Driver/Src/stm32f1xx_hal_rcc.o
 .debug_abbrev  0x00000000000013eb      0x182 ./Drivers/STM32F1xx_HAL_Driver/Src/stm32f1xx_hal_rcc_ex.o
 .debug_abbrev  0x000000000000156d      0x270 ./Drivers/STM32F1xx_HAL_Driver/Src/stm32f1xx_hal_tim.o
 .debug_abbrev  0x00000000000017dd      0x24b ./Drivers/STM32F1xx_HAL_Driver/Src/stm32f1xx_hal_tim_ex.o
 .debug_abbrev  0x0000000000001a28      0x25d ./Drivers/STM32F1xx_HAL_Driver/Src/stm32f1xx_hal_uart.o
 .debug_abbrev  0x0000000000001c85      0x1ff ./Src/FLASH_PAGE_F1.o
 .debug_abbrev  0x0000000000001e84      0x1c3 ./Src/adc.o
 .debug_abbrev  0x0000000000002047      0x189 ./Src/calibrate.o
 .debug_abbrev  0x00000000000021d0      0x24e ./Src/can.o
 .debug_abbrev  0x000000000000241e       0x9f ./Src/control.o
 .debug_abbrev  0x00000000000024bd       0xf8 ./Src/dma.o
 .debug_abbrev  0x00000000000025b5      0x152 ./Src/gpio.o
 .debug_abbrev  0x0000000000002707       0xde ./Src/hook.o
 .debug_abbrev  0x00000000000027e5      0x35f ./Src/main.o
 .debug_abbrev  0x0000000000002b44       0xde ./Src/power.o
 .debug_abbrev  0x0000000000002c22      0x1bd ./Src/steering.o
 .debug_abbrev  0x0000000000002ddf      0x10a ./Src/stm32f1xx_hal_msp.o
 .debug_abbrev  0x0000000000002ee9      0x1f3 ./Src/stm32f1xx_it.o
 .debug_abbrev  0x00000000000030dc      0x13b ./Src/system_stm32f1xx.o
 .debug_abbrev  0x0000000000003217      0x28e ./Src/tim.o
 .debug_abbrev  0x00000000000034a5       0xc8 ./Src/timer.o
 .debug_abbrev  0x000000000000356d      0x1b0 ./Src/usart.o
 .debug_abbrev  0x000000000000371d       0xef ./Src/wheels.o
 .debug_abbrev  0x000000000000380c       0x12 ./Startup/startup_stm32f103rbtx.o

.debug_aranges  0x0000000000000000     0x1078
 .debug_aranges
                0x0000000000000000       0xb8 ./Drivers/STM32F1xx_HAL_Driver/Src/stm32f1xx_hal.o
 .debug_aranges
                0x00000000000000b8       0xf0 ./Drivers/STM32F1xx_HAL_Driver/Src/stm32f1xx_hal_adc.o
 .debug_aranges
                0x00000000000001a8       0xb0 ./Drivers/STM32F1xx_HAL_Driver/Src/stm32f1xx_hal_can.o
 .debug_aranges
                0x0000000000000258      0x100 ./Drivers/STM32F1xx_HAL_Driver/Src/stm32f1xx_hal_cortex.o
 .debug_aranges
                0x0000000000000358       0x80 ./Drivers/STM32F1xx_HAL_Driver/Src/stm32f1xx_hal_dma.o
 .debug_aranges
                0x00000000000003d8       0x88 ./Drivers/STM32F1xx_HAL_Driver/Src/stm32f1xx_hal_flash.o
 .debug_aranges
                0x0000000000000460       0x98 ./Drivers/STM32F1xx_HAL_Driver/Src/stm32f1xx_hal_flash_ex.o
 .debug_aranges
                0x00000000000004f8       0x58 ./Drivers/STM32F1xx_HAL_Driver/Src/stm32f1xx_hal_gpio.o
 .debug_aranges
                0x0000000000000550       0x90 ./Drivers/STM32F1xx_HAL_Driver/Src/stm32f1xx_hal_rcc.o
 .debug_aranges
                0x00000000000005e0       0x30 ./Drivers/STM32F1xx_HAL_Driver/Src/stm32f1xx_hal_rcc_ex.o
 .debug_aranges
                0x0000000000000610      0x368 ./Drivers/STM32F1xx_HAL_Driver/Src/stm32f1xx_hal_tim.o
 .debug_aranges
                0x0000000000000978      0x138 ./Drivers/STM32F1xx_HAL_Driver/Src/stm32f1xx_hal_tim_ex.o
 .debug_aranges
                0x0000000000000ab0      0x1d0 ./Drivers/STM32F1xx_HAL_Driver/Src/stm32f1xx_hal_uart.o
 .debug_aranges
                0x0000000000000c80       0x58 ./Src/FLASH_PAGE_F1.o
 .debug_aranges
                0x0000000000000cd8       0x30 ./Src/adc.o
 .debug_aranges
                0x0000000000000d08       0x28 ./Src/calibrate.o
 .debug_aranges
                0x0000000000000d30       0x58 ./Src/can.o
 .debug_aranges
                0x0000000000000d88       0x20 ./Src/control.o
 .debug_aranges
                0x0000000000000da8       0x20 ./Src/dma.o
 .debug_aranges
                0x0000000000000dc8       0x20 ./Src/gpio.o
 .debug_aranges
                0x0000000000000de8       0x28 ./Src/hook.o
 .debug_aranges
                0x0000000000000e10       0x50 ./Src/main.o
 .debug_aranges
                0x0000000000000e60       0x28 ./Src/power.o
 .debug_aranges
                0x0000000000000e88       0x40 ./Src/steering.o
 .debug_aranges
                0x0000000000000ec8       0x20 ./Src/stm32f1xx_hal_msp.o
 .debug_aranges
                0x0000000000000ee8       0x60 ./Src/stm32f1xx_it.o
 .debug_aranges
                0x0000000000000f48       0x28 ./Src/system_stm32f1xx.o
 .debug_aranges
                0x0000000000000f70       0x60 ./Src/tim.o
 .debug_aranges
                0x0000000000000fd0       0x30 ./Src/timer.o
 .debug_aranges
                0x0000000000001000       0x30 ./Src/usart.o
 .debug_aranges
                0x0000000000001030       0x20 ./Src/wheels.o
 .debug_aranges
                0x0000000000001050       0x28 ./Startup/startup_stm32f103rbtx.o

.debug_ranges   0x0000000000000000      0xe80
 .debug_ranges  0x0000000000000000       0xa8 ./Drivers/STM32F1xx_HAL_Driver/Src/stm32f1xx_hal.o
 .debug_ranges  0x00000000000000a8       0xe0 ./Drivers/STM32F1xx_HAL_Driver/Src/stm32f1xx_hal_adc.o
 .debug_ranges  0x0000000000000188       0xa0 ./Drivers/STM32F1xx_HAL_Driver/Src/stm32f1xx_hal_can.o
 .debug_ranges  0x0000000000000228       0xf0 ./Drivers/STM32F1xx_HAL_Driver/Src/stm32f1xx_hal_cortex.o
 .debug_ranges  0x0000000000000318       0x70 ./Drivers/STM32F1xx_HAL_Driver/Src/stm32f1xx_hal_dma.o
 .debug_ranges  0x0000000000000388       0x78 ./Drivers/STM32F1xx_HAL_Driver/Src/stm32f1xx_hal_flash.o
 .debug_ranges  0x0000000000000400       0x88 ./Drivers/STM32F1xx_HAL_Driver/Src/stm32f1xx_hal_flash_ex.o
 .debug_ranges  0x0000000000000488       0x48 ./Drivers/STM32F1xx_HAL_Driver/Src/stm32f1xx_hal_gpio.o
 .debug_ranges  0x00000000000004d0       0x80 ./Drivers/STM32F1xx_HAL_Driver/Src/stm32f1xx_hal_rcc.o
 .debug_ranges  0x0000000000000550       0x20 ./Drivers/STM32F1xx_HAL_Driver/Src/stm32f1xx_hal_rcc_ex.o
 .debug_ranges  0x0000000000000570      0x358 ./Drivers/STM32F1xx_HAL_Driver/Src/stm32f1xx_hal_tim.o
 .debug_ranges  0x00000000000008c8      0x128 ./Drivers/STM32F1xx_HAL_Driver/Src/stm32f1xx_hal_tim_ex.o
 .debug_ranges  0x00000000000009f0      0x1c0 ./Drivers/STM32F1xx_HAL_Driver/Src/stm32f1xx_hal_uart.o
 .debug_ranges  0x0000000000000bb0       0x48 ./Src/FLASH_PAGE_F1.o
 .debug_ranges  0x0000000000000bf8       0x20 ./Src/adc.o
 .debug_ranges  0x0000000000000c18       0x18 ./Src/calibrate.o
 .debug_ranges  0x0000000000000c30       0x48 ./Src/can.o
 .debug_ranges  0x0000000000000c78       0x10 ./Src/control.o
 .debug_ranges  0x0000000000000c88       0x10 ./Src/dma.o
 .debug_ranges  0x0000000000000c98       0x10 ./Src/gpio.o
 .debug_ranges  0x0000000000000ca8       0x18 ./Src/hook.o
 .debug_ranges  0x0000000000000cc0       0x40 ./Src/main.o
 .debug_ranges  0x0000000000000d00       0x18 ./Src/power.o
 .debug_ranges  0x0000000000000d18       0x30 ./Src/steering.o
 .debug_ranges  0x0000000000000d48       0x10 ./Src/stm32f1xx_hal_msp.o
 .debug_ranges  0x0000000000000d58       0x50 ./Src/stm32f1xx_it.o
 .debug_ranges  0x0000000000000da8       0x18 ./Src/system_stm32f1xx.o
 .debug_ranges  0x0000000000000dc0       0x50 ./Src/tim.o
 .debug_ranges  0x0000000000000e10       0x20 ./Src/timer.o
 .debug_ranges  0x0000000000000e30       0x20 ./Src/usart.o
 .debug_ranges  0x0000000000000e50       0x10 ./Src/wheels.o
 .debug_ranges  0x0000000000000e60       0x20 ./Startup/startup_stm32f103rbtx.o

.debug_macro    0x0000000000000000    0x1a5fe
 .debug_macro   0x0000000000000000      0x34d ./Drivers/STM32F1xx_HAL_Driver/Src/stm32f1xx_hal.o
 .debug_macro   0x000000000000034d      0xa84 ./Drivers/STM32F1xx_HAL_Driver/Src/stm32f1xx_hal.o
 .debug_macro   0x0000000000000dd1       0xdc ./Drivers/STM32F1xx_HAL_Driver/Src/stm32f1xx_hal.o
 .debug_macro   0x0000000000000ead      0x16f ./Drivers/STM32F1xx_HAL_Driver/Src/stm32f1xx_hal.o
 .debug_macro   0x000000000000101c       0x28 ./Drivers/STM32F1xx_HAL_Driver/Src/stm32f1xx_hal.o
 .debug_macro   0x0000000000001044       0x22 ./Drivers/STM32F1xx_HAL_Driver/Src/stm32f1xx_hal.o
 .debug_macro   0x0000000000001066       0x22 ./Drivers/STM32F1xx_HAL_Driver/Src/stm32f1xx_hal.o
 .debug_macro   0x0000000000001088       0x8e ./Drivers/STM32F1xx_HAL_Driver/Src/stm32f1xx_hal.o
 .debug_macro   0x0000000000001116       0x51 ./Drivers/STM32F1xx_HAL_Driver/Src/stm32f1xx_hal.o
 .debug_macro   0x0000000000001167      0x103 ./Drivers/STM32F1xx_HAL_Driver/Src/stm32f1xx_hal.o
 .debug_macro   0x000000000000126a       0x6a ./Drivers/STM32F1xx_HAL_Driver/Src/stm32f1xx_hal.o
 .debug_macro   0x00000000000012d4      0x1df ./Drivers/STM32F1xx_HAL_Driver/Src/stm32f1xx_hal.o
 .debug_macro   0x00000000000014b3       0x34 ./Drivers/STM32F1xx_HAL_Driver/Src/stm32f1xx_hal.o
 .debug_macro   0x00000000000014e7       0x34 ./Drivers/STM32F1xx_HAL_Driver/Src/stm32f1xx_hal.o
 .debug_macro   0x000000000000151b      0xb8e ./Drivers/STM32F1xx_HAL_Driver/Src/stm32f1xx_hal.o
 .debug_macro   0x00000000000020a9     0xe90a ./Drivers/STM32F1xx_HAL_Driver/Src/stm32f1xx_hal.o
 .debug_macro   0x00000000000109b3       0x43 ./Drivers/STM32F1xx_HAL_Driver/Src/stm32f1xx_hal.o
 .debug_macro   0x00000000000109f6       0x52 ./Drivers/STM32F1xx_HAL_Driver/Src/stm32f1xx_hal.o
 .debug_macro   0x0000000000010a48       0x18 ./Drivers/STM32F1xx_HAL_Driver/Src/stm32f1xx_hal.o
 .debug_macro   0x0000000000010a60       0x3c ./Drivers/STM32F1xx_HAL_Driver/Src/stm32f1xx_hal.o
 .debug_macro   0x0000000000010a9c       0x34 ./Drivers/STM32F1xx_HAL_Driver/Src/stm32f1xx_hal.o
 .debug_macro   0x0000000000010ad0       0x16 ./Drivers/STM32F1xx_HAL_Driver/Src/stm32f1xx_hal.o
 .debug_macro   0x0000000000010ae6       0x97 ./Drivers/STM32F1xx_HAL_Driver/Src/stm32f1xx_hal.o
 .debug_macro   0x0000000000010b7d      0x341 ./Drivers/STM32F1xx_HAL_Driver/Src/stm32f1xx_hal.o
 .debug_macro   0x0000000000010ebe       0xfd ./Drivers/STM32F1xx_HAL_Driver/Src/stm32f1xx_hal.o
 .debug_macro   0x0000000000010fbb       0x10 ./Drivers/STM32F1xx_HAL_Driver/Src/stm32f1xx_hal.o
 .debug_macro   0x0000000000010fcb       0x16 ./Drivers/STM32F1xx_HAL_Driver/Src/stm32f1xx_hal.o
 .debug_macro   0x0000000000010fe1       0x43 ./Drivers/STM32F1xx_HAL_Driver/Src/stm32f1xx_hal.o
 .debug_macro   0x0000000000011024       0x34 ./Drivers/STM32F1xx_HAL_Driver/Src/stm32f1xx_hal.o
 .debug_macro   0x0000000000011058       0x10 ./Drivers/STM32F1xx_HAL_Driver/Src/stm32f1xx_hal.o
 .debug_macro   0x0000000000011068       0x58 ./Drivers/STM32F1xx_HAL_Driver/Src/stm32f1xx_hal.o
 .debug_macro   0x00000000000110c0       0x71 ./Drivers/STM32F1xx_HAL_Driver/Src/stm32f1xx_hal.o
 .debug_macro   0x0000000000011131       0x1c ./Drivers/STM32F1xx_HAL_Driver/Src/stm32f1xx_hal.o
 .debug_macro   0x000000000001114d      0x12a ./Drivers/STM32F1xx_HAL_Driver/Src/stm32f1xx_hal.o
 .debug_macro   0x0000000000011277       0x10 ./Drivers/STM32F1xx_HAL_Driver/Src/stm32f1xx_hal.o
 .debug_macro   0x0000000000011287       0x1c ./Drivers/STM32F1xx_HAL_Driver/Src/stm32f1xx_hal.o
 .debug_macro   0x00000000000112a3       0x52 ./Drivers/STM32F1xx_HAL_Driver/Src/stm32f1xx_hal.o
 .debug_macro   0x00000000000112f5       0x22 ./Drivers/STM32F1xx_HAL_Driver/Src/stm32f1xx_hal.o
 .debug_macro   0x0000000000011317       0x10 ./Drivers/STM32F1xx_HAL_Driver/Src/stm32f1xx_hal.o
 .debug_macro   0x0000000000011327       0x52 ./Drivers/STM32F1xx_HAL_Driver/Src/stm32f1xx_hal.o
 .debug_macro   0x0000000000011379       0xd5 ./Drivers/STM32F1xx_HAL_Driver/Src/stm32f1xx_hal.o
 .debug_macro   0x000000000001144e       0x1c ./Drivers/STM32F1xx_HAL_Driver/Src/stm32f1xx_hal.o
 .debug_macro   0x000000000001146a       0x3d ./Drivers/STM32F1xx_HAL_Driver/Src/stm32f1xx_hal.o
 .debug_macro   0x00000000000114a7       0x16 ./Drivers/STM32F1xx_HAL_Driver/Src/stm32f1xx_hal.o
 .debug_macro   0x00000000000114bd      0x145 ./Drivers/STM32F1xx_HAL_Driver/Src/stm32f1xx_hal.o
 .debug_macro   0x0000000000011602       0x57 ./Drivers/STM32F1xx_HAL_Driver/Src/stm32f1xx_hal.o
 .debug_macro   0x0000000000011659      0x5c2 ./Drivers/STM32F1xx_HAL_Driver/Src/stm32f1xx_hal.o
 .debug_macro   0x0000000000011c1b      0x28b ./Drivers/STM32F1xx_HAL_Driver/Src/stm32f1xx_hal.o
 .debug_macro   0x0000000000011ea6      0x1cb ./Drivers/STM32F1xx_HAL_Driver/Src/stm32f1xx_hal.o
 .debug_macro   0x0000000000012071      0x11e ./Drivers/STM32F1xx_HAL_Driver/Src/stm32f1xx_hal.o
 .debug_macro   0x000000000001218f      0x197 ./Drivers/STM32F1xx_HAL_Driver/Src/stm32f1xx_hal.o
 .debug_macro   0x0000000000012326       0x27 ./Drivers/STM32F1xx_HAL_Driver/Src/stm32f1xx_hal.o
 .debug_macro   0x000000000001234d      0x1bc ./Drivers/STM32F1xx_HAL_Driver/Src/stm32f1xx_hal.o
 .debug_macro   0x0000000000012509       0x34 ./Drivers/STM32F1xx_HAL_Driver/Src/stm32f1xx_hal.o
 .debug_macro   0x000000000001253d       0x3c ./Drivers/STM32F1xx_HAL_Driver/Src/stm32f1xx_hal.o
 .debug_macro   0x0000000000012579      0x3a6 ./Drivers/STM32F1xx_HAL_Driver/Src/stm32f1xx_hal.o
 .debug_macro   0x000000000001291f       0x10 ./Drivers/STM32F1xx_HAL_Driver/Src/stm32f1xx_hal.o
 .debug_macro   0x000000000001292f       0x74 ./Drivers/STM32F1xx_HAL_Driver/Src/stm32f1xx_hal.o
 .debug_macro   0x00000000000129a3       0x57 ./Drivers/STM32F1xx_HAL_Driver/Src/stm32f1xx_hal.o
 .debug_macro   0x00000000000129fa      0x46a ./Drivers/STM32F1xx_HAL_Driver/Src/stm32f1xx_hal.o
 .debug_macro   0x0000000000012e64      0x1b5 ./Drivers/STM32F1xx_HAL_Driver/Src/stm32f1xx_hal.o
 .debug_macro   0x0000000000013019       0x8c ./Drivers/STM32F1xx_HAL_Driver/Src/stm32f1xx_hal.o
 .debug_macro   0x00000000000130a5      0x242 ./Drivers/STM32F1xx_HAL_Driver/Src/stm32f1xx_hal.o
 .debug_macro   0x00000000000132e7      0x143 ./Drivers/STM32F1xx_HAL_Driver/Src/stm32f1xx_hal.o
 .debug_macro   0x000000000001342a      0x84c ./Drivers/STM32F1xx_HAL_Driver/Src/stm32f1xx_hal.o
 .debug_macro   0x0000000000013c76       0x1f ./Drivers/STM32F1xx_HAL_Driver/Src/stm32f1xx_hal.o
 .debug_macro   0x0000000000013c95      0x26b ./Drivers/STM32F1xx_HAL_Driver/Src/stm32f1xx_hal.o
 .debug_macro   0x0000000000013f00       0x7c ./Drivers/STM32F1xx_HAL_Driver/Src/stm32f1xx_hal.o
 .debug_macro   0x0000000000013f7c      0x346 ./Drivers/STM32F1xx_HAL_Driver/Src/stm32f1xx_hal_adc.o
 .debug_macro   0x00000000000142c2      0x330 ./Drivers/STM32F1xx_HAL_Driver/Src/stm32f1xx_hal_can.o
 .debug_macro   0x00000000000145f2      0x329 ./Drivers/STM32F1xx_HAL_Driver/Src/stm32f1xx_hal_cortex.o
 .debug_macro   0x000000000001491b      0x329 ./Drivers/STM32F1xx_HAL_Driver/Src/stm32f1xx_hal_dma.o
 .debug_macro   0x0000000000014c44      0x329 ./Drivers/STM32F1xx_HAL_Driver/Src/stm32f1xx_hal_flash.o
 .debug_macro   0x0000000000014f6d      0x33b ./Drivers/STM32F1xx_HAL_Driver/Src/stm32f1xx_hal_flash_ex.o
 .debug_macro   0x00000000000152a8      0x399 ./Drivers/STM32F1xx_HAL_Driver/Src/stm32f1xx_hal_gpio.o
 .debug_macro   0x0000000000015641      0x33b ./Drivers/STM32F1xx_HAL_Driver/Src/stm32f1xx_hal_rcc.o
 .debug_macro   0x000000000001597c      0x329 ./Drivers/STM32F1xx_HAL_Driver/Src/stm32f1xx_hal_rcc_ex.o
 .debug_macro   0x0000000000015ca5      0x32a ./Drivers/STM32F1xx_HAL_Driver/Src/stm32f1xx_hal_tim.o
 .debug_macro   0x0000000000015fcf      0x329 ./Drivers/STM32F1xx_HAL_Driver/Src/stm32f1xx_hal_tim_ex.o
 .debug_macro   0x00000000000162f8      0x32a ./Drivers/STM32F1xx_HAL_Driver/Src/stm32f1xx_hal_uart.o
 .debug_macro   0x0000000000016622      0x363 ./Src/FLASH_PAGE_F1.o
 .debug_macro   0x0000000000016985       0x16 ./Src/FLASH_PAGE_F1.o
 .debug_macro   0x000000000001699b       0x35 ./Src/FLASH_PAGE_F1.o
 .debug_macro   0x00000000000169d0       0x20 ./Src/FLASH_PAGE_F1.o
 .debug_macro   0x00000000000169f0      0x347 ./Src/adc.o
 .debug_macro   0x0000000000016d37      0x3d3 ./Src/calibrate.o
 .debug_macro   0x000000000001710a       0x16 ./Src/calibrate.o
 .debug_macro   0x0000000000017120       0x16 ./Src/calibrate.o
 .debug_macro   0x0000000000017136       0x29 ./Src/calibrate.o
 .debug_macro   0x000000000001715f      0x19b ./Src/calibrate.o
 .debug_macro   0x00000000000172fa       0x58 ./Src/calibrate.o
 .debug_macro   0x0000000000017352       0x6a ./Src/calibrate.o
 .debug_macro   0x00000000000173bc       0x16 ./Src/calibrate.o
 .debug_macro   0x00000000000173d2       0x10 ./Src/calibrate.o
 .debug_macro   0x00000000000173e2       0x10 ./Src/calibrate.o
 .debug_macro   0x00000000000173f2      0x34c ./Src/can.o
 .debug_macro   0x000000000001773e      0x3ab ./Src/control.o
 .debug_macro   0x0000000000017ae9      0x333 ./Src/dma.o
 .debug_macro   0x0000000000017e1c      0x33d ./Src/gpio.o
 .debug_macro   0x0000000000018159      0x333 ./Src/hook.o
 .debug_macro   0x000000000001848c      0x41f ./Src/main.o
 .debug_macro   0x00000000000188ab      0x333 ./Src/power.o
 .debug_macro   0x0000000000018bde      0x389 ./Src/steering.o
 .debug_macro   0x0000000000018f67      0x329 ./Src/stm32f1xx_hal_msp.o
 .debug_macro   0x0000000000019290      0x337 ./Src/stm32f1xx_it.o
 .debug_macro   0x00000000000195c7      0x32f ./Src/system_stm32f1xx.o
 .debug_macro   0x00000000000198f6      0x33d ./Src/tim.o
 .debug_macro   0x0000000000019c33      0x346 ./Src/timer.o
 .debug_macro   0x0000000000019f79      0x33d ./Src/usart.o
 .debug_macro   0x000000000001a2b6      0x338 ./Src/wheels.o
 .debug_macro   0x000000000001a5ee       0x10 ./Src/wheels.o

.debug_line     0x0000000000000000    0x18917
 .debug_line    0x0000000000000000      0xaa8 ./Drivers/STM32F1xx_HAL_Driver/Src/stm32f1xx_hal.o
 .debug_line    0x0000000000000aa8     0x118a ./Drivers/STM32F1xx_HAL_Driver/Src/stm32f1xx_hal_adc.o
 .debug_line    0x0000000000001c32     0x1523 ./Drivers/STM32F1xx_HAL_Driver/Src/stm32f1xx_hal_can.o
 .debug_line    0x0000000000003155      0xd04 ./Drivers/STM32F1xx_HAL_Driver/Src/stm32f1xx_hal_cortex.o
 .debug_line    0x0000000000003e59      0xf80 ./Drivers/STM32F1xx_HAL_Driver/Src/stm32f1xx_hal_dma.o
 .debug_line    0x0000000000004dd9      0xc11 ./Drivers/STM32F1xx_HAL_Driver/Src/stm32f1xx_hal_flash.o
 .debug_line    0x00000000000059ea      0xd03 ./Drivers/STM32F1xx_HAL_Driver/Src/stm32f1xx_hal_flash_ex.o
 .debug_line    0x00000000000066ed      0xbd7 ./Drivers/STM32F1xx_HAL_Driver/Src/stm32f1xx_hal_gpio.o
 .debug_line    0x00000000000072c4      0xe9d ./Drivers/STM32F1xx_HAL_Driver/Src/stm32f1xx_hal_rcc.o
 .debug_line    0x0000000000008161      0xa79 ./Drivers/STM32F1xx_HAL_Driver/Src/stm32f1xx_hal_rcc_ex.o
 .debug_line    0x0000000000008bda     0x2747 ./Drivers/STM32F1xx_HAL_Driver/Src/stm32f1xx_hal_tim.o
 .debug_line    0x000000000000b321     0x127a ./Drivers/STM32F1xx_HAL_Driver/Src/stm32f1xx_hal_tim_ex.o
 .debug_line    0x000000000000c59b     0x18bd ./Drivers/STM32F1xx_HAL_Driver/Src/stm32f1xx_hal_uart.o
 .debug_line    0x000000000000de58      0xab7 ./Src/FLASH_PAGE_F1.o
 .debug_line    0x000000000000e90f      0x965 ./Src/adc.o
 .debug_line    0x000000000000f274      0x9b0 ./Src/calibrate.o
 .debug_line    0x000000000000fc24      0xaa2 ./Src/can.o
 .debug_line    0x00000000000106c6      0x8f7 ./Src/control.o
 .debug_line    0x0000000000010fbd      0x878 ./Src/dma.o
 .debug_line    0x0000000000011835      0x8d9 ./Src/gpio.o
 .debug_line    0x000000000001210e      0x88d ./Src/hook.o
 .debug_line    0x000000000001299b      0xbf3 ./Src/main.o
 .debug_line    0x000000000001358e      0x891 ./Src/power.o
 .debug_line    0x0000000000013e1f      0x9fc ./Src/steering.o
 .debug_line    0x000000000001481b      0x884 ./Src/stm32f1xx_hal_msp.o
 .debug_line    0x000000000001509f      0x96a ./Src/stm32f1xx_it.o
 .debug_line    0x0000000000015a09      0x922 ./Src/system_stm32f1xx.o
 .debug_line    0x000000000001632b      0xb00 ./Src/tim.o
 .debug_line    0x0000000000016e2b      0x8bf ./Src/timer.o
 .debug_line    0x00000000000176ea      0x8e7 ./Src/usart.o
 .debug_line    0x0000000000017fd1      0x8c2 ./Src/wheels.o
 .debug_line    0x0000000000018893       0x84 ./Startup/startup_stm32f103rbtx.o

.debug_str      0x0000000000000000    0x7b19f
 .debug_str     0x0000000000000000    0x760ed ./Drivers/STM32F1xx_HAL_Driver/Src/stm32f1xx_hal.o
                                      0x7641d (size before relaxing)
 .debug_str     0x00000000000760ed      0x6b2 ./Drivers/STM32F1xx_HAL_Driver/Src/stm32f1xx_hal_adc.o
                                      0x76482 (size before relaxing)
 .debug_str     0x000000000007679f      0x521 ./Drivers/STM32F1xx_HAL_Driver/Src/stm32f1xx_hal_can.o
                                      0x7631c (size before relaxing)
 .debug_str     0x0000000000076cc0      0x2af ./Drivers/STM32F1xx_HAL_Driver/Src/stm32f1xx_hal_cortex.o
                                      0x76432 (size before relaxing)
 .debug_str     0x0000000000076f6f      0x21b ./Drivers/STM32F1xx_HAL_Driver/Src/stm32f1xx_hal_dma.o
                                      0x76172 (size before relaxing)
 .debug_str     0x000000000007718a      0x29b ./Drivers/STM32F1xx_HAL_Driver/Src/stm32f1xx_hal_flash.o
                                      0x760a4 (size before relaxing)
 .debug_str     0x0000000000077425      0x34f ./Drivers/STM32F1xx_HAL_Driver/Src/stm32f1xx_hal_flash_ex.o
                                      0x76252 (size before relaxing)
 .debug_str     0x0000000000077774      0x39a ./Drivers/STM32F1xx_HAL_Driver/Src/stm32f1xx_hal_gpio.o
                                      0x76155 (size before relaxing)
 .debug_str     0x0000000000077b0e      0x384 ./Drivers/STM32F1xx_HAL_Driver/Src/stm32f1xx_hal_rcc.o
                                      0x761e8 (size before relaxing)
 .debug_str     0x0000000000077e92      0x110 ./Drivers/STM32F1xx_HAL_Driver/Src/stm32f1xx_hal_rcc_ex.o
                                      0x75f48 (size before relaxing)