../Src/stm32f1xx_it.c:61:6:SVC_Handler	4	static
../Src/stm32f1xx_it.c:74:6:PendSV_Handler	4	static
../Src/stm32f1xx_it.c:87:6:SysTick_Handler	8	static
../Src/stm32f1xx_it.c:133:6:DMA1_Channel1_IRQHandler	8	static
../Src/stm32f1xx_it.c:147:6:USB_LP_CAN_RX0_IRQHandler	8	static
../Src/stm32f1xx_it.c:161:6:TIM2_IRQHandler	8	static
../Src/stm32f1xx_it.c:172:6:TIM3_IRQHandler	8	static
../Src/stm32f1xx_it.c:185:6:TIM4_IRQHandler	8	static
../Src/stm32f1xx_it.c:198:6:EXTI9_5_IRQHandler	8	static
